Microchip MPLAB XC8 Compiler V1.20 ()

Linker command line:

-W-3 --edf=C:\Program Files (x86)\Microchip\xc8\v1.20\dat\en_msgs.txt -cs \
  -h+dist/default/production\smart_lamp.X.production.sym \
  --cmf=dist/default/production\smart_lamp.X.production.cmf -z -Q18F4550 \
  -oC:\Users\MARIAA~1\AppData\Local\Temp\sgfc.6 \
  -Mdist/default/production/smart_lamp.X.production.map -E1 -ver=XC8 \
  -ACODE=00h-07FFFh -ACONST=00h-07FFFh -ASMALLCONST=0800h-08FFhx120 \
  -AMEDIUMCONST=0800h-07FFFh -ACOMRAM=01h-05Fh -AABS1=00h-07FFh \
  -ABIGRAM=01h-07FFh -ARAM=060h-0FFh,0100h-01FFhx7 -ABANK0=060h-0FFh \
  -ABANK1=0100h-01FFh -ABANK2=0200h-02FFh -ABANK3=0300h-03FFh \
  -ABANK4=0400h-04FFh -ABANK5=0500h-05FFh -ABANK6=0600h-06FFh \
  -ABANK7=0700h-07FFh -ASFR=0F60h-0FFFh \
  -preset_vec=00h,intcode=08h,intcodelo=018h,powerup,init,end_init \
  -pramtop=0800h -psmallconst=SMALLCONST -pmediumconst=MEDIUMCONST \
  -pconst=CONST -AFARRAM=00h-00h -ACONFIG=0300000h-030000Dh -pconfig=CONFIG \
  -AIDLOC=0200000h-0200007h -pidloc=IDLOC -AEEDATA=0F00000h-0F000FFh \
  -peeprom_data=EEDATA \
  -prdata=COMRAM,nvrram=COMRAM,nvbit=COMRAM,rbss=COMRAM,rbit=COMRAM \
  -pfarbss=FARRAM,fardata=FARRAM,nvFARRAM=FARRAM \
  -pintsave_regs=BIGRAM,bigbss=BIGRAM,bigdata=BIGRAM -pbss=RAM \
  -pidata=CODE,irdata=CODE,ibigdata=CODE,ifardata=CODE \
  C:\Users\MARIAA~1\AppData\Local\Temp\sgfc.obj \
  dist/default/production\smart_lamp.X.production.obj 

Object code version is 3.11

Machine type is 18F4550

Call graph: (short form)




                Name                               Link     Load   Length Selector   Space Scale
C:\Users\MARIAA~1\AppData\Local\Temp\sgfc.obj
                end_init                             A6       A6        4        C       0
                reset_vec                             0        0        4        0       0
                idloc                            200000   200000        8   200000       0
                config                           300000   300000        E   300000       0
dist/default/production\smart_lamp.X.production.obj
                intcodelo                            18       18       8E        C       0
                intcode                               8        8       10        4       0
                smallconst                          800      800       94      400       0
                text80                             640C     640C        6      44A       0
                text79                             6406     6406        6      44A       0
                text78                             639E     639E       1A      44A       0
                intcode_body                       5A52     5A52       80      44A       0
                text76                             62A8     62A8       2A      44A       0
                text75                             6360     6360       20      44A       0
                text74                             5E28     5E28       56      44A       0
                text73                             6202     6202       3A      44A       0
                text72                             6272     6272       36      44A       0
                text71                             5DD2     5DD2       56      44A       0
                text70                             5AD2     5AD2       7E      44A       0
                text69                             5F16     5F16       44      44A       0
                text68                             543C     543C       B8      44A       0
                text67                             4118     4118      1C8      44A       0
                text66                             4908     4908      110      44A       0
                text65                             4EFE     4EFE       F0      44A       0
                text64                             3532     3532      280      44A       0
                text63                             5824     5824       90      44A       0
                text62                             5B50     5B50       7C      44A       0
                text61                             61C8     61C8       3A      44A       0
                text60                             2A28     2A28      450      44A       0
                text59                             3D84     3D84      1CC      44A       0
                text58                             6118     6118       3C      44A       0
                text57                             60DC     60DC       3C      44A       0
                text56                             623C     623C       36      44A       0
                text55                             60A0     60A0       3C      44A       0
                text54                             4D18     4D18       F4      44A       0
                text53                             45BA     45BA      122      44A       0
                text52                             5794     5794       90      44A       0
                text51                             62D2     62D2       26      44A       0
                text50                             50DC     50DC       E0      44A       0
                text49                             62F8     62F8       24      44A       0
                text48                             59CC     59CC       86      44A       0
                text47                             5C3E     5C3E       6A      44A       0
                text46                             5D0C     5D0C       64      44A       0
                text45                             5ED0     5ED0       46      44A       0
                text44                             16AA     16AA      D6A      44A       0
                text43                             536A     536A       D2      44A       0
                text41                             618E     618E       3A      44A       0
                text40                             633E     633E       22      44A       0
                text39                             47F2     47F2      116      44A       0
                text38                             63F4     63F4       12      44A       0
                text37                             63E0     63E0       14      44A       0
                text36                             63CC     63CC       14      44A       0
                text35                             4460     4460      15A      44A       0
                text34                             51BC     51BC       D8      44A       0
                text33                             31E6     31E6      34C      44A       0
                text32                             3F50     3F50      1C8      44A       0
                text31                             42E0     42E0      180      44A       0
                text30                             55A2     55A2       AC      44A       0
                text29                             63B8     63B8       14      44A       0
                text28                             58B4     58B4       8E      44A       0
                text27                             5E7E     5E7E       52      44A       0
                text26                             5CA8     5CA8       64      44A       0
                text25                             564E     564E       AA      44A       0
                text24                             54F4     54F4       AE      44A       0
                text23                             39C2     39C2      1EE      44A       0
                text22                             5BCC     5BCC       72      44A       0
                text21                             4B22     4B22      102      44A       0
                text20                             46DC     46DC      116      44A       0
                text19                             4FEE     4FEE       EE      44A       0
                text18                             5D70     5D70       62      44A       0
                text17                             2E78     2E78      36E      44A       0
                text16                             2414     2414      614      44A       0
                text15                             6062     6062       3E      44A       0
                text14                             37B2     37B2      210      44A       0
                text13                             3BB0     3BB0      1D4      44A       0
                text12                             6020     6020       42      44A       0
                text11                             5FDE     5FDE       42      44A       0
                text10                             5F9C     5F9C       42      44A       0
                text9                              5F5A     5F5A       42      44A       0
                text8                              4C24     4C24       F4      44A       0
                text7                              6154     6154       3A      44A       0
                text6                              4A18     4A18      10A      44A       0
                text5                              5294     5294       D6      44A       0
                text4                              56F8     56F8       9C      44A       0
                text3                              5942     5942       8A      44A       0
                text2                               894      894      E16      44A       0
                text1                              4E0C     4E0C       F2      44A       0
                text0                              6380     6380       1E      44A       0
                cstackCOMRAM                          1        1       49        1       1
                cstackBANK0                          60       60       52       60       1
                cstackBANK1                         100      100       81      100       1
                bssBANK1                            181      181       25      100       1
                bssCOMRAM                            4A       4A        6        1       1
                cinit                              631C     631C       22      44A       0

TOTAL           Name                               Link     Load   Length     Space
        CLASS   CODE           
                end_init                             A6       A6        4         0
                intcodelo                            18       18       8E         0
                intcode                               8        8       10         0
                reset_vec                             0        0        4         0
                text80                             640C     640C        6         0
                text79                             6406     6406        6         0
                text78                             639E     639E       1A         0
                intcode_body                       5A52     5A52       80         0
                text76                             62A8     62A8       2A         0
                text75                             6360     6360       20         0
                text74                             5E28     5E28       56         0
                text73                             6202     6202       3A         0
                text72                             6272     6272       36         0
                text71                             5DD2     5DD2       56         0
                text70                             5AD2     5AD2       7E         0
                text69                             5F16     5F16       44         0
                text68                             543C     543C       B8         0
                text67                             4118     4118      1C8         0
                text66                             4908     4908      110         0
                text65                             4EFE     4EFE       F0         0
                text64                             3532     3532      280         0
                text63                             5824     5824       90         0
                text62                             5B50     5B50       7C         0
                text61                             61C8     61C8       3A         0
                text60                             2A28     2A28      450         0
                text59                             3D84     3D84      1CC         0
                text58                             6118     6118       3C         0
                text57                             60DC     60DC       3C         0
                text56                             623C     623C       36         0
                text55                             60A0     60A0       3C         0
                text54                             4D18     4D18       F4         0
                text53                             45BA     45BA      122         0
                text52                             5794     5794       90         0
                text51                             62D2     62D2       26         0
                text50                             50DC     50DC       E0         0
                text49                             62F8     62F8       24         0
                text48                             59CC     59CC       86         0
                text47                             5C3E     5C3E       6A         0
                text46                             5D0C     5D0C       64         0
                text45                             5ED0     5ED0       46         0
                text44                             16AA     16AA      D6A         0
                text43                             536A     536A       D2         0
                text41                             618E     618E       3A         0
                text40                             633E     633E       22         0
                text39                             47F2     47F2      116         0
                text38                             63F4     63F4       12         0
                text37                             63E0     63E0       14         0
                text36                             63CC     63CC       14         0
                text35                             4460     4460      15A         0
                text34                             51BC     51BC       D8         0
                text33                             31E6     31E6      34C         0
                text32                             3F50     3F50      1C8         0
                text31                             42E0     42E0      180         0
                text30                             55A2     55A2       AC         0
                text29                             63B8     63B8       14         0
                text28                             58B4     58B4       8E         0
                text27                             5E7E     5E7E       52         0
                text26                             5CA8     5CA8       64         0
                text25                             564E     564E       AA         0
                text24                             54F4     54F4       AE         0
                text23                             39C2     39C2      1EE         0
                text22                             5BCC     5BCC       72         0
                text21                             4B22     4B22      102         0
                text20                             46DC     46DC      116         0
                text19                             4FEE     4FEE       EE         0
                text18                             5D70     5D70       62         0
                text17                             2E78     2E78      36E         0
                text16                             2414     2414      614         0
                text15                             6062     6062       3E         0
                text14                             37B2     37B2      210         0
                text13                             3BB0     3BB0      1D4         0
                text12                             6020     6020       42         0
                text11                             5FDE     5FDE       42         0
                text10                             5F9C     5F9C       42         0
                text9                              5F5A     5F5A       42         0
                text8                              4C24     4C24       F4         0
                text7                              6154     6154       3A         0
                text6                              4A18     4A18      10A         0
                text5                              5294     5294       D6         0
                text4                              56F8     56F8       9C         0
                text3                              5942     5942       8A         0
                text2                               894      894      E16         0
                text1                              4E0C     4E0C       F2         0
                text0                              6380     6380       1E         0
                cinit                              631C     631C       22         0

        CLASS   CONST          

        CLASS   SMALLCONST     
                smallconst                          800      800       94         0

        CLASS   MEDIUMCONST    

        CLASS   COMRAM         
                cstackCOMRAM                          1        1       49         1
                bssCOMRAM                            4A       4A        6         1

        CLASS   ABS1           

        CLASS   BIGRAM         

        CLASS   RAM            

        CLASS   BANK0          
                cstackBANK0                          60       60       52         1

        CLASS   BANK1          
                cstackBANK1                         100      100       81         1
                bssBANK1                            181      181       25         1

        CLASS   BANK2          

        CLASS   BANK3          

        CLASS   BANK4          

        CLASS   BANK5          

        CLASS   BANK6          

        CLASS   BANK7          

        CLASS   SFR            

        CLASS   FARRAM         

        CLASS   CONFIG         
                config                           300000   300000        E         0

        CLASS   IDLOC          
                idloc                            200000   200000        8         0

        CLASS   EEDATA         



SEGMENTS        Name                           Load    Length   Top    Selector   Space  Class

                reset_vec                      000000  000004  000004         0       0  CODE    
                cstackCOMRAM                   000001  00004F  000050         1       1  COMRAM  
                intcode                        000008  000010  000018         4       0  CODE    
                intcodelo                      000018  000092  0000AA         C       0  CODE    
                cstackBANK0                    000060  000052  0000B2        60       1  BANK0   
                cstackBANK1                    000100  0000A6  0001A6       100       1  BANK1   
                smallconst                     000800  000094  000894       400       0  SMALLCON
                text2                          000894  005B7E  006412       44A       0  CODE    
                idloc                          200000  000008  200008    200000       0  IDLOC   
                config                         300000  00000E  30000E    300000       0  CONFIG  


UNUSED ADDRESS RANGES

        Name                Unused          Largest block    Delta
        BANK0            0000B2-0000FF               4E
        BANK1            0001A6-0001FF               5A
        BANK2            000200-0002FF              100
        BANK3            000300-0003FF              100
        BANK4            000400-0004FF              100
        BANK5            000500-0005FF              100
        BANK6            000600-0006FF              100
        BANK7            000700-0007FF              100
        BIGRAM           000050-00005F               10
                         0000B2-0000FF               4E
                         0001A6-0007FF              65A
        CODE             000004-000007                4
                         0000AA-0007FF              756
                         006412-007FFF             1BEE
        COMRAM           000050-00005F               10
        CONST            000004-000007                4
                         0000AA-0007FF              756
                         006412-007FFF             1BEE
        EEDATA           F00000-F000FF              100
        MEDIUMCONST      006412-007FFF             1BEE
        RAM              0000B2-0000FF               4E
                         0001A6-0007FF              100
        SFR              000F60-000FFF               A0
        SMALLCONST       006412-007FFF              100

                                  Symbol Table

?_Lcd_Cmd                         cstackBANK1  000101
?_Lcd_Port                        cstackBANK1  000100
?_Obtener_Distancia               cstackBANK1  000108
?_Read_LDR                        cstackBANK1  000138
?___altoft                        cstackBANK1  000108
?___asftadd                       cstackBANK1  000146
?___asftmul                       cstackBANK1  000127
?___asftsub                       cstackBANK1  00014C
?___awdiv                         cstackBANK1  000107
?___awmod                         cstackBANK1  000100
?___awtoft                        cstackBANK1  000108
?___ftadd                         cstackBANK1  000138
?___ftdiv                         cstackBANK1  000127
?___ftge                          cstackBANK1  000100
?___ftmul                         cstackBANK1  000116
?___ftneg                         cstackBANK1  000100
?___ftpack                        cstackBANK1  000100
?___ftsub                         cstackBANK1  000146
?___fttol                         cstackBANK1  000133
?___lldiv                         cstackBANK1  000100
?___llmod                         cstackBANK1  00010E
?___lltoft                        cstackBANK1  000108
?___lwdiv                         cstackBANK1  000100
?___lwmod                         cstackBANK1  000100
?___wmul                          cstackBANK1  000110
?__div_to_l_                      cstackBANK1  000100
?__tdiv_to_l_                     cstackBANK1  000100
?_control_LED                     cstackCOMRAM 000001
?_fround                          cstackBANK1  000127
?_isdigit                         cstackBANK1  000100
?_lcd_gotoxy                      cstackBANK1  000103
?_lcd_putc                        cstackBANK1  000104
?_lcd_write_char                  cstackBANK1  000101
?_scale                           cstackBANK1  000127
?_sprintf                         cstackBANK1  000151
?i1_Lcd_Cmd                       cstackCOMRAM 000012
?i1_Lcd_Port                      cstackCOMRAM 000011
?i1_Obtener_Distancia             cstackCOMRAM 000019
?i1_Read_LDR                      cstackCOMRAM 000047
?i1___asftadd                     cstackBANK0  00006C
?i1___asftmul                     cstackBANK0  000060
?i1___asftsub                     cstackCOMRAM 00002D
?i1___awdiv                       cstackCOMRAM 000018
?i1___awmod                       cstackCOMRAM 000011
?i1___awtoft                      cstackCOMRAM 000019
?i1___ftadd                       cstackCOMRAM 000019
?i1___ftdiv                       cstackBANK0  000060
?i1___ftge                        cstackCOMRAM 000011
?i1___ftmul                       cstackCOMRAM 000036
?i1___ftneg                       cstackCOMRAM 000011
?i1___ftpack                      cstackCOMRAM 000011
?i1___ftsub                       cstackCOMRAM 000027
?i1___fttol                       cstackCOMRAM 000027
?i1___lldiv                       cstackCOMRAM 000011
?i1___llmod                       cstackCOMRAM 00001F
?i1___lltoft                      cstackCOMRAM 000019
?i1___lwdiv                       cstackCOMRAM 000011
?i1___lwmod                       cstackCOMRAM 000011
?i1___wmul                        cstackCOMRAM 000021
?i1__div_to_l_                    cstackCOMRAM 000011
?i1__tdiv_to_l_                   cstackCOMRAM 000011
?i1_fround                        cstackCOMRAM 000047
?i1_isdigit                       cstackCOMRAM 000011
?i1_lcd_gotoxy                    cstackCOMRAM 000014
?i1_lcd_putc                      cstackCOMRAM 000015
?i1_lcd_write_char                cstackCOMRAM 000012
?i1_scale                         cstackCOMRAM 000047
?i1_sprintf                       cstackBANK0  000071
Lcd_Cmd@a                         cstackBANK1  000101
Lcd_Port@a                        cstackBANK1  000100
Obtener_Distancia@Distancia       cstackBANK1  00010C
Obtener_Distancia@Duracion        cstackBANK1  00010E
Obtener_Distancia@Timer_1         cstackBANK1  00010A
Read_LDR@analog_reading           cstackBANK1  00013F
USART_Init@baud_rate              cstackBANK1  000146
USART_Init@temp                   cstackBANK1  00014A
_ADCON0                           (abs)        000FC2
_ADCON0bits                       (abs)        000FC2
_ADCON1                           (abs)        000FC1
_ADCON1bits                       (abs)        000FC1
_ADCON2                           (abs)        000FC0
_ADIE                             (abs)        007CEE
_ADIP                             (abs)        007CFE
_ADON                             (abs)        007E10
_ADRESH                           (abs)        000FC4
_ADRESL                           (abs)        000FC3
_Configuracion_Registros          text38       0063F4
_Distancia                        bssBANK1     000184
_GIEH                             (abs)        007F97
_GIEL                             (abs)        007F96
_GO                               (abs)        007E11
_IPEN                             (abs)        007E87
_Init_AD                          text36       0063CC
_LATAbits                         (abs)        000F89
_LATB                             (abs)        000F8A
_LCD_Buffer                       bssBANK1     000186
_LDR_value                        bssBANK1     000181
_Lcd_Cmd                          text40       00633E
_Lcd_Port                         text41       00618E
_Obtener_Distancia                text24       0054F4
_PORTAbits                        (abs)        000F80
_RCIE                             (abs)        007CED
_RCIF                             (abs)        007CF5
_RCIP                             (abs)        007CFD
_RCREG                            (abs)        000FAE
_RCSTA                            (abs)        000FAB
_RD2                              (abs)        007C1A
_RD3                              (abs)        007C1B
_RD4                              (abs)        007C1C
_RD5                              (abs)        007C1D
_RD6                              (abs)        007C1E
_RD7                              (abs)        007C1F
_Read_LDR                         text21       004B22
_SPBRG                            (abs)        000FAF
_T1CONbits                        (abs)        000FCD
_TMR0IE                           (abs)        007F95
_TMR0IP                           (abs)        007F8A
_TMR1                             (abs)        000FCE
_TMR1ON                           (abs)        007E68
_TRISA                            (abs)        000F92
_TRISA0                           (abs)        007C90
_TRISB                            (abs)        000F93
_TRISC6                           (abs)        007CA6
_TRISC7                           (abs)        007CA7
_TRISD                            (abs)        000F95
_Timer1_Init                      text37       0063E0
_USART_Init                       text30       0055A2
__CFG_BOR$OFF                     (abs)        000000
__CFG_BORV$3                      (abs)        000000
__CFG_CCP2MX$ON                   (abs)        000000
__CFG_CP0$OFF                     (abs)        000000
__CFG_CP1$OFF                     (abs)        000000
__CFG_CP2$OFF                     (abs)        000000
__CFG_CP3$OFF                     (abs)        000000
__CFG_CPB$OFF                     (abs)        000000
__CFG_CPD$OFF                     (abs)        000000
__CFG_CPUDIV$OSC1_PLL2            (abs)        000000
__CFG_EBTR0$OFF                   (abs)        000000
__CFG_EBTR1$OFF                   (abs)        000000
__CFG_EBTR2$OFF                   (abs)        000000
__CFG_EBTR3$OFF                   (abs)        000000
__CFG_EBTRB$OFF                   (abs)        000000
__CFG_FCMEN$OFF                   (abs)        000000
__CFG_FOSC$HS                     (abs)        000000
__CFG_ICPRT$OFF                   (abs)        000000
__CFG_IESO$OFF                    (abs)        000000
__CFG_LPT1OSC$OFF                 (abs)        000000
__CFG_LVP$OFF                     (abs)        000000
__CFG_MCLRE$ON                    (abs)        000000
__CFG_PBADEN$ON                   (abs)        000000
__CFG_PLLDIV$1                    (abs)        000000
__CFG_PWRT$OFF                    (abs)        000000
__CFG_STVREN$ON                   (abs)        000000
__CFG_USBDIV$1                    (abs)        000000
__CFG_VREGEN$OFF                  (abs)        000000
__CFG_WDT$OFF                     (abs)        000000
__CFG_WDTPS$32768                 (abs)        000000
__CFG_WRT0$OFF                    (abs)        000000
__CFG_WRT1$OFF                    (abs)        000000
__CFG_WRT2$OFF                    (abs)        000000
__CFG_WRT3$OFF                    (abs)        000000
__CFG_WRTB$OFF                    (abs)        000000
__CFG_WRTC$OFF                    (abs)        000000
__CFG_WRTD$OFF                    (abs)        000000
__CFG_XINST$OFF                   (abs)        000000
__HRAM                            (abs)        000000
__Habs1                           abs1         000000
__Hbank0                          bank0        000000
__Hbank1                          bank1        000000
__Hbank2                          bank2        000000
__Hbank3                          bank3        000000
__Hbank4                          bank4        000000
__Hbank5                          bank5        000000
__Hbank6                          bank6        000000
__Hbank7                          bank7        000000
__Hbigbss                         bigbss       000000
__Hbigdata                        bigdata      000000
__Hbigram                         bigram       000000
__Hbss                            bss          000000
__HbssBANK1                       bssBANK1     000000
__HbssCOMRAM                      bssCOMRAM    000000
__Hcinit                          cinit        000000
__Hclrtext                        clrtext      000000
__Hcomram                         comram       000000
__Hconfig                         config       30000E
__Hconst                          const        000000
__HcstackBANK0                    cstackBANK0  000000
__HcstackBANK1                    cstackBANK1  000000
__HcstackCOMRAM                   cstackCOMRAM 000000
__Hdata                           data         000000
__Heeprom_data                    eeprom_data  000000
__Hend_init                       end_init     0000AA
__Hfarbss                         farbss       000000
__Hfardata                        fardata      000000
__Hibigdata                       ibigdata     000000
__Hidata                          idata        000000
__Hidloc                          idloc        200008
__Hifardata                       ifardata     000000
__Hinit                           init         0000A6
__Hintcode                        intcode      000018
__Hintcode_body                   intcode_body 000000
__Hintcodelo                      intcodelo    0000A6
__Hintentry                       intentry     000000
__Hintret                         intret       000000
__Hintsave_regs                   intsave_regs 000000
__Hirdata                         irdata       000000
__Hmediumconst                    mediumconst  000000
__HnvFARRAM                       nvFARRAM     000000
__Hnvbit                          nvbit        000000
__Hnvrram                         nvrram       000000
__Hparam                          rparam       000000
__Hpowerup                        powerup      0000A6
__Hram                            ram          000000
__Hramtop                         ramtop       000800
__Hrbit                           rbit         000000
__Hrbss                           rbss         000000
__Hrdata                          rdata        000000
__Hreset_vec                      reset_vec    000004
__Hrparam                         rparam       000000
__Hsfr                            sfr          000000
__Hsmallconst                     smallconst   000894
__Hstruct                         struct       000000
__Htemp                           temp         000000
__Htext                           text         000000
__Htext0                          text0        000000
__Htext1                          text1        000000
__Htext10                         text10       000000
__Htext11                         text11       000000
__Htext12                         text12       000000
__Htext13                         text13       000000
__Htext14                         text14       000000
__Htext15                         text15       000000
__Htext16                         text16       000000
__Htext17                         text17       000000
__Htext18                         text18       000000
__Htext19                         text19       000000
__Htext2                          text2        000000
__Htext20                         text20       000000
__Htext21                         text21       000000
__Htext22                         text22       000000
__Htext23                         text23       000000
__Htext24                         text24       000000
__Htext25                         text25       000000
__Htext26                         text26       000000
__Htext27                         text27       000000
__Htext28                         text28       000000
__Htext29                         text29       000000
__Htext3                          text3        000000
__Htext30                         text30       000000
__Htext31                         text31       000000
__Htext32                         text32       000000
__Htext33                         text33       000000
__Htext34                         text34       000000
__Htext35                         text35       000000
__Htext36                         text36       000000
__Htext37                         text37       000000
__Htext38                         text38       000000
__Htext39                         text39       000000
__Htext4                          text4        000000
__Htext40                         text40       000000
__Htext41                         text41       000000
__Htext43                         text43       000000
__Htext44                         text44       000000
__Htext45                         text45       000000
__Htext46                         text46       000000
__Htext47                         text47       000000
__Htext48                         text48       000000
__Htext49                         text49       000000
__Htext5                          text5        000000
__Htext50                         text50       000000
__Htext51                         text51       000000
__Htext52                         text52       000000
__Htext53                         text53       000000
__Htext54                         text54       000000
__Htext55                         text55       000000
__Htext56                         text56       000000
__Htext57                         text57       000000
__Htext58                         text58       000000
__Htext59                         text59       000000
__Htext6                          text6        000000
__Htext60                         text60       000000
__Htext61                         text61       000000
__Htext62                         text62       000000
__Htext63                         text63       000000
__Htext64                         text64       000000
__Htext65                         text65       000000
__Htext66                         text66       000000
__Htext67                         text67       000000
__Htext68                         text68       000000
__Htext69                         text69       000000
__Htext7                          text7        000000
__Htext70                         text70       000000
__Htext71                         text71       000000
__Htext72                         text72       000000
__Htext73                         text73       000000
__Htext74                         text74       000000
__Htext75                         text75       000000
__Htext76                         text76       000000
__Htext78                         text78       000000
__Htext79                         text79       000000
__Htext8                          text8        000000
__Htext80                         text80       000000
__Htext9                          text9        000000
__LRAM                            (abs)        000001
__Labs1                           abs1         000000
__Lbank0                          bank0        000000
__Lbank1                          bank1        000000
__Lbank2                          bank2        000000
__Lbank3                          bank3        000000
__Lbank4                          bank4        000000
__Lbank5                          bank5        000000
__Lbank6                          bank6        000000
__Lbank7                          bank7        000000
__Lbigbss                         bigbss       000000
__Lbigdata                        bigdata      000000
__Lbigram                         bigram       000000
__Lbss                            bss          000000
__LbssBANK1                       bssBANK1     000000
__LbssCOMRAM                      bssCOMRAM    000000
__Lcinit                          cinit        000000
__Lclrtext                        clrtext      000000
__Lcomram                         comram       000000
__Lconfig                         config       300000
__Lconst                          const        000000
__LcstackBANK0                    cstackBANK0  000000
__LcstackBANK1                    cstackBANK1  000000
__LcstackCOMRAM                   cstackCOMRAM 000000
__Ldata                           data         000000
__Leeprom_data                    eeprom_data  000000
__Lend_init                       end_init     0000A6
__Lfarbss                         farbss       000000
__Lfardata                        fardata      000000
__Libigdata                       ibigdata     000000
__Lidata                          idata        000000
__Lidloc                          idloc        200000
__Lifardata                       ifardata     000000
__Linit                           init         0000A6
__Lintcode                        intcode      000008
__Lintcode_body                   intcode_body 000000
__Lintcodelo                      intcodelo    000018
__Lintentry                       intentry     000000
__Lintret                         intret       000000
__Lintsave_regs                   intsave_regs 000000
__Lirdata                         irdata       000000
__Lmediumconst                    mediumconst  000000
__LnvFARRAM                       nvFARRAM     000000
__Lnvbit                          nvbit        000000
__Lnvrram                         nvrram       000000
__Lparam                          rparam       000000
__Lpowerup                        powerup      0000A6
__Lram                            ram          000000
__Lramtop                         ramtop       000800
__Lrbit                           rbit         000000
__Lrbss                           rbss         000000
__Lrdata                          rdata        000000
__Lreset_vec                      reset_vec    000000
__Lrparam                         rparam       000000
__Lsfr                            sfr          000000
__Lsmallconst                     smallconst   000800
__Lstruct                         struct       000000
__Ltemp                           temp         000000
__Ltext                           text         000000
__Ltext0                          text0        000000
__Ltext1                          text1        000000
__Ltext10                         text10       000000
__Ltext11                         text11       000000
__Ltext12                         text12       000000
__Ltext13                         text13       000000
__Ltext14                         text14       000000
__Ltext15                         text15       000000
__Ltext16                         text16       000000
__Ltext17                         text17       000000
__Ltext18                         text18       000000
__Ltext19                         text19       000000
__Ltext2                          text2        000000
__Ltext20                         text20       000000
__Ltext21                         text21       000000
__Ltext22                         text22       000000
__Ltext23                         text23       000000
__Ltext24                         text24       000000
__Ltext25                         text25       000000
__Ltext26                         text26       000000
__Ltext27                         text27       000000
__Ltext28                         text28       000000
__Ltext29                         text29       000000
__Ltext3                          text3        000000
__Ltext30                         text30       000000
__Ltext31                         text31       000000
__Ltext32                         text32       000000
__Ltext33                         text33       000000
__Ltext34                         text34       000000
__Ltext35                         text35       000000
__Ltext36                         text36       000000
__Ltext37                         text37       000000
__Ltext38                         text38       000000
__Ltext39                         text39       000000
__Ltext4                          text4        000000
__Ltext40                         text40       000000
__Ltext41                         text41       000000
__Ltext43                         text43       000000
__Ltext44                         text44       000000
__Ltext45                         text45       000000
__Ltext46                         text46       000000
__Ltext47                         text47       000000
__Ltext48                         text48       000000
__Ltext49                         text49       000000
__Ltext5                          text5        000000
__Ltext50                         text50       000000
__Ltext51                         text51       000000
__Ltext52                         text52       000000
__Ltext53                         text53       000000
__Ltext54                         text54       000000
__Ltext55                         text55       000000
__Ltext56                         text56       000000
__Ltext57                         text57       000000
__Ltext58                         text58       000000
__Ltext59                         text59       000000
__Ltext6                          text6        000000
__Ltext60                         text60       000000
__Ltext61                         text61       000000
__Ltext62                         text62       000000
__Ltext63                         text63       000000
__Ltext64                         text64       000000
__Ltext65                         text65       000000
__Ltext66                         text66       000000
__Ltext67                         text67       000000
__Ltext68                         text68       000000
__Ltext69                         text69       000000
__Ltext7                          text7        000000
__Ltext70                         text70       000000
__Ltext71                         text71       000000
__Ltext72                         text72       000000
__Ltext73                         text73       000000
__Ltext74                         text74       000000
__Ltext75                         text75       000000
__Ltext76                         text76       000000
__Ltext78                         text78       000000
__Ltext79                         text79       000000
__Ltext8                          text8        000000
__Ltext80                         text80       000000
__Ltext9                          text9        000000
__S0                              (abs)        30000E
__S1                              (abs)        0001A6
___altoft                         text34       0051BC
___altoft@c                       cstackBANK1  000108
___altoft@exp                     cstackBANK1  000110
___altoft@sign                    cstackBANK1  000111
___asftadd                        text12       006020
___asftadd@f1p                    cstackBANK1  000146
___asftadd@f2                     cstackBANK1  000148
___asftmul                        text11       005FDE
___asftmul@f1p                    cstackBANK1  000127
___asftmul@f2                     cstackBANK1  000129
___asftsub                        text9        005F5A
___asftsub@f1p                    cstackBANK1  00014C
___asftsub@f2                     cstackBANK1  00014E
___awdiv                          text20       0046DC
___awdiv@counter                  cstackBANK1  00010C
___awdiv@dividend                 cstackBANK1  000107
___awdiv@divisor                  cstackBANK1  000109
___awdiv@quotient                 cstackBANK1  00010E
___awdiv@sign                     cstackBANK1  00010D
___awmod                          text19       004FEE
___awmod@counter                  cstackBANK1  000105
___awmod@dividend                 cstackBANK1  000100
___awmod@divisor                  cstackBANK1  000102
___awmod@sign                     cstackBANK1  000106
___awtoft                         text22       005BCC
___awtoft@c                       cstackBANK1  000108
___awtoft@sign                    cstackBANK1  00010C
___ftadd                          text33       0031E6
___ftadd@exp1                     cstackBANK1  000145
___ftadd@exp2                     cstackBANK1  000144
___ftadd@f1                       cstackBANK1  000138
___ftadd@f2                       cstackBANK1  00013B
___ftadd@sign                     cstackBANK1  000143
___ftdiv                          text32       003F50
___ftdiv@cntr                     cstackBANK1  000132
___ftdiv@exp                      cstackBANK1  000136
___ftdiv@f1                       cstackBANK1  000127
___ftdiv@f2                       cstackBANK1  00012A
___ftdiv@f3                       cstackBANK1  000133
___ftdiv@sign                     cstackBANK1  000137
___ftge                           text8        004C24
___ftge@ff1                       cstackBANK1  000100
___ftge@ff2                       cstackBANK1  000103
___ftmul                          text23       0039C2
___ftmul@cntr                     cstackBANK1  000125
___ftmul@exp                      cstackBANK1  000121
___ftmul@f1                       cstackBANK1  000116
___ftmul@f2                       cstackBANK1  000119
___ftmul@f3_as_product            cstackBANK1  000122
___ftmul@sign                     cstackBANK1  000126
___ftneg                          text7        006154
___ftneg@f1                       cstackBANK1  000100
___ftpack                         text35       004460
___ftpack@arg                     cstackBANK1  000100
___ftpack@exp                     cstackBANK1  000103
___ftpack@sign                    cstackBANK1  000104
___ftsub                          text10       005F9C
___ftsub@f1                       cstackBANK1  000146
___ftsub@f2                       cstackBANK1  000149
___fttol                          text31       0042E0
___fttol@exp1                     cstackBANK1  000141
___fttol@f1                       cstackBANK1  000133
___fttol@lval                     cstackBANK1  00013D
___fttol@sign1                    cstackBANK1  00013C
___lldiv                          text6        004A18
___lldiv@counter                  cstackBANK1  00010D
___lldiv@dividend                 cstackBANK1  000100
___lldiv@divisor                  cstackBANK1  000104
___lldiv@quotient                 cstackBANK1  000109
___llmod                          text5        005294
___llmod@counter                  cstackBANK1  000117
___llmod@dividend                 cstackBANK1  00010E
___llmod@divisor                  cstackBANK1  000112
___lltoft                         text4        0056F8
___lltoft@c                       cstackBANK1  000108
___lltoft@exp                     cstackBANK1  000110
___lwdiv                          text25       00564E
___lwdiv@counter                  cstackBANK1  000105
___lwdiv@dividend                 cstackBANK1  000100
___lwdiv@divisor                  cstackBANK1  000102
___lwdiv@quotient                 cstackBANK1  000106
___lwmod                          text3        005942
___lwmod@counter                  cstackBANK1  000105
___lwmod@dividend                 cstackBANK1  000100
___lwmod@divisor                  cstackBANK1  000102
___wmul                           text18       005D70
___wmul@multiplicand              cstackBANK1  000112
___wmul@multiplier                cstackBANK1  000110
___wmul@product                   cstackBANK1  000114
__accesstop                       (abs)        000060
__activetblptr                    (abs)        000002
__div_to_l_                       text13       003BB0
__div_to_l_@cntr                  cstackBANK1  00010B
__div_to_l_@exp1                  cstackBANK1  00010C
__div_to_l_@f1                    cstackBANK1  000100
__div_to_l_@f2                    cstackBANK1  000103
__div_to_l_@quot                  cstackBANK1  000107
__end_of_Configuracion_Registros  text38       006406
__end_of_Init_AD                  text36       0063E0
__end_of_Lcd_Cmd                  text40       006360
__end_of_Lcd_Port                 text41       0061C8
__end_of_Obtener_Distancia        text24       0055A2
__end_of_Read_LDR                 text21       004C24
__end_of_Timer1_Init              text37       0063F4
__end_of_USART_Init               text30       00564E
__end_of___altoft                 text34       005294
__end_of___asftadd                text12       006062
__end_of___asftmul                text11       006020
__end_of___asftsub                text9        005F9C
__end_of___awdiv                  text20       0047F2
__end_of___awmod                  text19       0050DC
__end_of___awtoft                 text22       005C3E
__end_of___ftadd                  text33       003532
__end_of___ftdiv                  text32       004118
__end_of___ftge                   text8        004D18
__end_of___ftmul                  text23       003BB0
__end_of___ftneg                  text7        00618E
__end_of___ftpack                 text35       0045BA
__end_of___ftsub                  text10       005FDE
__end_of___fttol                  text31       004460
__end_of___lldiv                  text6        004B22
__end_of___llmod                  text5        00536A
__end_of___lltoft                 text4        005794
__end_of___lwdiv                  text25       0056F8
__end_of___lwmod                  text3        0059CC
__end_of___wmul                   text18       005DD2
__end_of__div_to_l_               text13       003D84
__end_of__initialization          cinit        006334
__end_of__npowers_                smallconst   00084F
__end_of__powers_                 smallconst   000876
__end_of__stringdata              smallconst   000892
__end_of__tdiv_to_l_              text14       0039C2
__end_of_control_LED              text78       0063B8
__end_of_dpowers                  smallconst   000828
__end_of_fround                   text17       0031E6
__end_of_inicioInterrupcoes       text29       0063CC
__end_of_interrupcaoHIGH          intcode_body 005AD2
__end_of_interrupcaoLOW           intcodelo    0000A6
__end_of_isdigit                  text15       0060A0
__end_of_lcd_gotoxy               text28       005942
__end_of_lcd_init                 text39       004908
__end_of_lcd_putc                 text26       005D0C
__end_of_lcd_write_char           text27       005ED0
__end_of_led_off                  text80       006412
__end_of_led_on                   text79       00640C
__end_of_main                     text0        00639E
__end_of_mainLoop                 text1        004EFE
__end_of_scale                    text16       002A28
__end_of_sprintf                  text2        0016AA
__end_ofi1_Lcd_Cmd                text75       006380
__end_ofi1_Lcd_Port               text76       0062D2
__end_ofi1_Obtener_Distancia      text70       005B50
__end_ofi1_Read_LDR               text65       004FEE
__end_ofi1___asftadd              text58       006154
__end_ofi1___asftmul              text57       006118
__end_ofi1___asftsub              text55       0060DC
__end_ofi1___awdiv                text63       0058B4
__end_ofi1___awmod                text62       005BCC
__end_ofi1___awtoft               text69       005F5A
__end_ofi1___ftadd                text59       003F50
__end_ofi1___ftdiv                text67       0042E0
__end_ofi1___ftge                 text52       005824
__end_ofi1___ftmul                text66       004A18
__end_ofi1___ftneg                text51       0062F8
__end_ofi1___ftpack               text68       0054F4
__end_ofi1___ftsub                text56       006272
__end_ofi1___fttol                text50       0051BC
__end_ofi1___lldiv                text48       005A52
__end_ofi1___llmod                text47       005CA8
__end_ofi1___lltoft               text46       005D70
__end_ofi1___lwdiv                text71       005E28
__end_ofi1___lwmod                text45       005F16
__end_ofi1___wmul                 text61       006202
__end_ofi1__div_to_l_             text54       004E0C
__end_ofi1__tdiv_to_l_            text53       0046DC
__end_ofi1_fround                 text64       0037B2
__end_ofi1_isdigit                text49       00631C
__end_ofi1_lcd_gotoxy             text74       005E7E
__end_ofi1_lcd_putc               text72       0062A8
__end_ofi1_lcd_write_char         text73       00623C
__end_ofi1_mainLoop               text43       00543C
__end_ofi1_scale                  text60       002E78
__end_ofi1_sprintf                text44       002414
__initialization                  cinit        00631C
__mediumconst                     mediumconst  000000
__npowers_                        smallconst   000828
__pbssBANK1                       bssBANK1     000181
__pbssCOMRAM                      bssCOMRAM    00004A
__pcinit                          cinit        00631C
__pcstackBANK0                    cstackBANK0  000060
__pcstackBANK1                    cstackBANK1  000100
__pcstackCOMRAM                   cstackCOMRAM 000001
__pintcode                        intcode      000008
__pintcode_body                   intcode_body 005A52
__pintcodelo                      intcodelo    000018
__powers_                         smallconst   00084F
__psmallconst                     smallconst   000800
__ptext0                          text0        006380
__ptext1                          text1        004E0C
__ptext10                         text10       005F9C
__ptext11                         text11       005FDE
__ptext12                         text12       006020
__ptext13                         text13       003BB0
__ptext14                         text14       0037B2
__ptext15                         text15       006062
__ptext16                         text16       002414
__ptext17                         text17       002E78
__ptext18                         text18       005D70
__ptext19                         text19       004FEE
__ptext2                          text2        000894
__ptext20                         text20       0046DC
__ptext21                         text21       004B22
__ptext22                         text22       005BCC
__ptext23                         text23       0039C2
__ptext24                         text24       0054F4
__ptext25                         text25       00564E
__ptext26                         text26       005CA8
__ptext27                         text27       005E7E
__ptext28                         text28       0058B4
__ptext29                         text29       0063B8
__ptext3                          text3        005942
__ptext30                         text30       0055A2
__ptext31                         text31       0042E0
__ptext32                         text32       003F50
__ptext33                         text33       0031E6
__ptext34                         text34       0051BC
__ptext35                         text35       004460
__ptext36                         text36       0063CC
__ptext37                         text37       0063E0
__ptext38                         text38       0063F4
__ptext39                         text39       0047F2
__ptext4                          text4        0056F8
__ptext40                         text40       00633E
__ptext41                         text41       00618E
__ptext43                         text43       00536A
__ptext44                         text44       0016AA
__ptext45                         text45       005ED0
__ptext46                         text46       005D0C
__ptext47                         text47       005C3E
__ptext48                         text48       0059CC
__ptext49                         text49       0062F8
__ptext5                          text5        005294
__ptext50                         text50       0050DC
__ptext51                         text51       0062D2
__ptext52                         text52       005794
__ptext53                         text53       0045BA
__ptext54                         text54       004D18
__ptext55                         text55       0060A0
__ptext56                         text56       00623C
__ptext57                         text57       0060DC
__ptext58                         text58       006118
__ptext59                         text59       003D84
__ptext6                          text6        004A18
__ptext60                         text60       002A28
__ptext61                         text61       0061C8
__ptext62                         text62       005B50
__ptext63                         text63       005824
__ptext64                         text64       003532
__ptext65                         text65       004EFE
__ptext66                         text66       004908
__ptext67                         text67       004118
__ptext68                         text68       00543C
__ptext69                         text69       005F16
__ptext7                          text7        006154
__ptext70                         text70       005AD2
__ptext71                         text71       005DD2
__ptext72                         text72       006272
__ptext73                         text73       006202
__ptext74                         text74       005E28
__ptext75                         text75       006360
__ptext76                         text76       0062A8
__ptext78                         text78       00639E
__ptext79                         text79       006406
__ptext8                          text8        004C24
__ptext80                         text80       00640C
__ptext9                          text9        005F5A
__ramtop                          ramtop       000800
__size_of_Configuracion_Registros (abs)        000000
__size_of_Init_AD                 (abs)        000000
__size_of_Lcd_Cmd                 (abs)        000000
__size_of_Lcd_Port                (abs)        000000
__size_of_Obtener_Distancia       (abs)        000000
__size_of_Read_LDR                (abs)        000000
__size_of_Timer1_Init             (abs)        000000
__size_of_USART_Init              (abs)        000000
__size_of___altoft                (abs)        000000
__size_of___asftadd               (abs)        000000
__size_of___asftmul               (abs)        000000
__size_of___asftsub               (abs)        000000
__size_of___awdiv                 (abs)        000000
__size_of___awmod                 (abs)        000000
__size_of___awtoft                (abs)        000000
__size_of___ftadd                 (abs)        000000
__size_of___ftdiv                 (abs)        000000
__size_of___ftge                  (abs)        000000
__size_of___ftmul                 (abs)        000000
__size_of___ftneg                 (abs)        000000
__size_of___ftpack                (abs)        000000
__size_of___ftsub                 (abs)        000000
__size_of___fttol                 (abs)        000000
__size_of___lldiv                 (abs)        000000
__size_of___llmod                 (abs)        000000
__size_of___lltoft                (abs)        000000
__size_of___lwdiv                 (abs)        000000
__size_of___lwmod                 (abs)        000000
__size_of___wmul                  (abs)        000000
__size_of__div_to_l_              (abs)        000000
__size_of__tdiv_to_l_             (abs)        000000
__size_of_control_LED             (abs)        000000
__size_of_fround                  (abs)        000000
__size_of_inicioInterrupcoes      (abs)        000000
__size_of_interrupcaoHIGH         (abs)        000000
__size_of_interrupcaoLOW          (abs)        000000
__size_of_isdigit                 (abs)        000000
__size_of_lcd_gotoxy              (abs)        000000
__size_of_lcd_init                (abs)        000000
__size_of_lcd_putc                (abs)        000000
__size_of_lcd_write_char          (abs)        000000
__size_of_led_off                 (abs)        000000
__size_of_led_on                  (abs)        000000
__size_of_main                    (abs)        000000
__size_of_mainLoop                (abs)        000000
__size_of_scale                   (abs)        000000
__size_of_sprintf                 (abs)        000000
__size_ofi1_Lcd_Cmd               (abs)        000000
__size_ofi1_Lcd_Port              (abs)        000000
__size_ofi1_Obtener_Distancia     (abs)        000000
__size_ofi1_Read_LDR              (abs)        000000
__size_ofi1___asftadd             (abs)        000000
__size_ofi1___asftmul             (abs)        000000
__size_ofi1___asftsub             (abs)        000000
__size_ofi1___awdiv               (abs)        000000
__size_ofi1___awmod               (abs)        000000
__size_ofi1___awtoft              (abs)        000000
__size_ofi1___ftadd               (abs)        000000
__size_ofi1___ftdiv               (abs)        000000
__size_ofi1___ftge                (abs)        000000
__size_ofi1___ftmul               (abs)        000000
__size_ofi1___ftneg               (abs)        000000
__size_ofi1___ftpack              (abs)        000000
__size_ofi1___ftsub               (abs)        000000
__size_ofi1___fttol               (abs)        000000
__size_ofi1___lldiv               (abs)        000000
__size_ofi1___llmod               (abs)        000000
__size_ofi1___lltoft              (abs)        000000
__size_ofi1___lwdiv               (abs)        000000
__size_ofi1___lwmod               (abs)        000000
__size_ofi1___wmul                (abs)        000000
__size_ofi1__div_to_l_            (abs)        000000
__size_ofi1__tdiv_to_l_           (abs)        000000
__size_ofi1_fround                (abs)        000000
__size_ofi1_isdigit               (abs)        000000
__size_ofi1_lcd_gotoxy            (abs)        000000
__size_ofi1_lcd_putc              (abs)        000000
__size_ofi1_lcd_write_char        (abs)        000000
__size_ofi1_mainLoop              (abs)        000000
__size_ofi1_scale                 (abs)        000000
__size_ofi1_sprintf               (abs)        000000
__smallconst                      smallconst   000800
__stringdata                      smallconst   000876
__tdiv_to_l_                      text14       0037B2
__tdiv_to_l_@cntr                 cstackBANK1  00010F
__tdiv_to_l_@exp1                 cstackBANK1  000110
__tdiv_to_l_@f1                   cstackBANK1  000100
__tdiv_to_l_@f2                   cstackBANK1  000103
__tdiv_to_l_@quot                 cstackBANK1  00010B
_contControl                      bssCOMRAM    00004A
_control_LED                      text78       00639E
_dpowers                          smallconst   000800
_fround                           text17       002E78
_fround$1204                      cstackBANK1  000133
_fround$1205                      cstackBANK1  000130
_inicioInterrupcoes               text29       0063B8
_interrupcaoHIGH                  intcode      000008
_interrupcaoLOW                   intcodelo    000018
_isBright                         bssCOMRAM    00004C
_isdigit                          text15       006062
_isdigit$841                      cstackBANK1  000102
_lcd_gotoxy                       text28       0058B4
_lcd_init                         text39       0047F2
_lcd_putc                         text26       005CA8
_lcd_write_char                   text27       005E7E
_led_off                          text80       00640C
_led_on                           text79       006406
_main                             text0        006380
_mainLoop                         text1        004E0C
_scale                            text16       002414
_scale$1206                       cstackBANK1  000130
_sprintf                          text2        000894
_sprintf$1207                     cstackBANK1  00015E
_sprintf$566                      cstackBANK1  000161
_theresMovement                   bssCOMRAM    00004E
control_LED@data                  cstackCOMRAM 000001
end_of_initialization             cinit        006334
fround@prec                       cstackBANK1  000127
i1Lcd_Cmd@a                       cstackCOMRAM 000012
i1Lcd_Port@a                      cstackCOMRAM 000011
i1Obtener_Distancia@Distancia     cstackCOMRAM 00001D
i1Obtener_Distancia@Duracion      cstackCOMRAM 00001F
i1Obtener_Distancia@Timer_1       cstackCOMRAM 00001B
i1Read_LDR@analog_reading         cstackBANK0  000075
i1_Lcd_Cmd                        text75       006360
i1_Lcd_Port                       text76       0062A8
i1_Obtener_Distancia              text70       005AD2
i1_Read_LDR                       text65       004EFE
i1___asftadd                      text58       006118
i1___asftadd@f1p                  cstackBANK0  00006C
i1___asftadd@f2                   cstackBANK0  00006E
i1___asftmul                      text57       0060DC
i1___asftmul@f1p                  cstackBANK0  000060
i1___asftmul@f2                   cstackBANK0  000062
i1___asftsub                      text55       0060A0
i1___asftsub@f1p                  cstackCOMRAM 00002D
i1___asftsub@f2                   cstackCOMRAM 00002F
i1___awdiv                        text63       005824
i1___awdiv@counter                cstackCOMRAM 00001D
i1___awdiv@dividend               cstackCOMRAM 000018
i1___awdiv@divisor                cstackCOMRAM 00001A
i1___awdiv@quotient               cstackCOMRAM 00001F
i1___awdiv@sign                   cstackCOMRAM 00001E
i1___awmod                        text62       005B50
i1___awmod@counter                cstackCOMRAM 000016
i1___awmod@dividend               cstackCOMRAM 000011
i1___awmod@divisor                cstackCOMRAM 000013
i1___awmod@sign                   cstackCOMRAM 000017
i1___awtoft                       text69       005F16
i1___awtoft@c                     cstackCOMRAM 000019
i1___awtoft@sign                  cstackCOMRAM 00001D
i1___ftadd                        text59       003D84
i1___ftadd@exp1                   cstackCOMRAM 000026
i1___ftadd@exp2                   cstackCOMRAM 000025
i1___ftadd@f1                     cstackCOMRAM 000019
i1___ftadd@f2                     cstackCOMRAM 00001C
i1___ftadd@sign                   cstackCOMRAM 000024
i1___ftdiv                        text67       004118
i1___ftdiv@cntr                   cstackBANK0  00006B
i1___ftdiv@exp                    cstackBANK0  00006C
i1___ftdiv@f1                     cstackBANK0  000060
i1___ftdiv@f2                     cstackBANK0  000063
i1___ftdiv@f3                     cstackBANK0  00006D
i1___ftdiv@sign                   cstackBANK0  000070
i1___ftge                         text52       005794
i1___ftge@ff1                     cstackCOMRAM 000011
i1___ftge@ff2                     cstackCOMRAM 000014
i1___ftmul                        text66       004908
i1___ftmul@cntr                   cstackCOMRAM 000045
i1___ftmul@exp                    cstackCOMRAM 000041
i1___ftmul@f1                     cstackCOMRAM 000036
i1___ftmul@f2                     cstackCOMRAM 000039
i1___ftmul@f3_as_product          cstackCOMRAM 000042
i1___ftmul@sign                   cstackCOMRAM 000046
i1___ftneg                        text51       0062D2
i1___ftneg@f1                     cstackCOMRAM 000011
i1___ftpack                       text68       00543C
i1___ftpack@arg                   cstackCOMRAM 000011
i1___ftpack@exp                   cstackCOMRAM 000014
i1___ftpack@sign                  cstackCOMRAM 000015
i1___ftsub                        text56       00623C
i1___ftsub@f1                     cstackCOMRAM 000027
i1___ftsub@f2                     cstackCOMRAM 00002A
i1___fttol                        text50       0050DC
i1___fttol@exp1                   cstackCOMRAM 000035
i1___fttol@f1                     cstackCOMRAM 000027
i1___fttol@lval                   cstackCOMRAM 000031
i1___fttol@sign1                  cstackCOMRAM 000030
i1___lldiv                        text48       0059CC
i1___lldiv@counter                cstackCOMRAM 00001E
i1___lldiv@dividend               cstackCOMRAM 000011
i1___lldiv@divisor                cstackCOMRAM 000015
i1___lldiv@quotient               cstackCOMRAM 00001A
i1___llmod                        text47       005C3E
i1___llmod@counter                cstackCOMRAM 000028
i1___llmod@dividend               cstackCOMRAM 00001F
i1___llmod@divisor                cstackCOMRAM 000023
i1___lltoft                       text46       005D0C
i1___lltoft@c                     cstackCOMRAM 000019
i1___lltoft@exp                   cstackCOMRAM 000021
i1___lwdiv                        text71       005DD2
i1___lwdiv@counter                cstackCOMRAM 000016
i1___lwdiv@dividend               cstackCOMRAM 000011
i1___lwdiv@divisor                cstackCOMRAM 000013
i1___lwdiv@quotient               cstackCOMRAM 000017
i1___lwmod                        text45       005ED0
i1___lwmod@counter                cstackCOMRAM 000016
i1___lwmod@dividend               cstackCOMRAM 000011
i1___lwmod@divisor                cstackCOMRAM 000013
i1___wmul                         text61       0061C8
i1___wmul@multiplicand            cstackCOMRAM 000023
i1___wmul@multiplier              cstackCOMRAM 000021
i1___wmul@product                 cstackCOMRAM 000025
i1__div_to_l_                     text54       004D18
i1__div_to_l_@cntr                cstackCOMRAM 00001C
i1__div_to_l_@exp1                cstackCOMRAM 00001D
i1__div_to_l_@f1                  cstackCOMRAM 000011
i1__div_to_l_@f2                  cstackCOMRAM 000014
i1__div_to_l_@quot                cstackCOMRAM 000018
i1__tdiv_to_l_                    text53       0045BA
i1__tdiv_to_l_@cntr               cstackCOMRAM 000020
i1__tdiv_to_l_@exp1               cstackCOMRAM 000021
i1__tdiv_to_l_@f1                 cstackCOMRAM 000011
i1__tdiv_to_l_@f2                 cstackCOMRAM 000014
i1__tdiv_to_l_@quot               cstackCOMRAM 00001C
i1_fround                         text64       003532
i1_fround$1833                    cstackBANK0  000069
i1_fround$1834                    cstackBANK0  000066
i1_isdigit                        text49       0062F8
i1_isdigit$841                    cstackCOMRAM 000013
i1_lcd_gotoxy                     text74       005E28
i1_lcd_putc                       text72       006272
i1_lcd_write_char                 text73       006202
i1_mainLoop                       text43       00536A
i1_scale                          text60       002A28
i1_scale$1835                     cstackBANK0  000066
i1_sprintf                        text44       0016AA
i1_sprintf$1836                   cstackBANK0  00007E
i1_sprintf$566                    cstackBANK0  000081
i1fround@prec                     cstackCOMRAM 000047
i1isdigit@c                       cstackCOMRAM 000011
i1lcd_gotoxy@a                    cstackCOMRAM 000014
i1lcd_gotoxy@b                    cstackCOMRAM 000015
i1lcd_gotoxy@temp                 cstackCOMRAM 000018
i1lcd_gotoxy@y                    cstackCOMRAM 000017
i1lcd_gotoxy@z                    cstackCOMRAM 000016
i1lcd_putc@a                      cstackCOMRAM 000015
i1lcd_putc@i                      cstackCOMRAM 000017
i1lcd_write_char@a                cstackCOMRAM 000012
i1lcd_write_char@temp             cstackCOMRAM 000013
i1lcd_write_char@y                cstackCOMRAM 000014
i1scale@scl                       cstackCOMRAM 000047
i1sprintf@_val                    cstackBANK0  00008E
i1sprintf@ap                      cstackBANK0  000089
i1sprintf@c                       cstackBANK0  00009E
i1sprintf@exp                     cstackBANK0  000095
i1sprintf@f                       cstackBANK0  000073
i1sprintf@flag                    cstackBANK0  000093
i1sprintf@fval                    cstackBANK0  000099
i1sprintf@integ                   cstackBANK0  00008B
i1sprintf@prec                    cstackBANK0  00009C
i1sprintf@sp                      cstackBANK0  000071
i1sprintf@vd                      cstackBANK0  000085
i1sprintf@vd_568                  cstackBANK0  000087
i1sprintf@width                   cstackBANK0  000097
int_func                          intcode_body 005A52
interrupcaoHIGH@esp_server_data   cstackCOMRAM 000010
intlevel0                         text         000000
intlevel1                         text         000000
intlevel2                         text         000000
intlevel3                         text         000000
isdigit@c                         cstackBANK1  000100
lcd_gotoxy@a                      cstackBANK1  000103
lcd_gotoxy@b                      cstackBANK1  000104
lcd_gotoxy@temp                   cstackBANK1  000107
lcd_gotoxy@y                      cstackBANK1  000106
lcd_gotoxy@z                      cstackBANK1  000105
lcd_putc@a                        cstackBANK1  000104
lcd_putc@i                        cstackBANK1  000106
lcd_write_char@a                  cstackBANK1  000101
lcd_write_char@temp               cstackBANK1  000102
lcd_write_char@y                  cstackBANK1  000103
scale@scl                         cstackBANK1  000127
sprintf@_val                      cstackBANK1  00016E
sprintf@ap                        cstackBANK1  000169
sprintf@c                         cstackBANK1  00017E
sprintf@exp                       cstackBANK1  000175
sprintf@f                         cstackBANK1  000153
sprintf@flag                      cstackBANK1  000173
sprintf@fval                      cstackBANK1  000179
sprintf@integ                     cstackBANK1  00016B
sprintf@prec                      cstackBANK1  00017C
sprintf@sp                        cstackBANK1  000151
sprintf@vd                        cstackBANK1  000165
sprintf@vd_568                    cstackBANK1  000167
sprintf@width                     cstackBANK1  000177
start                             init         0000A6
start_initialization              cinit        00631C


FUNCTION INFORMATION:

 *************** function _main *****************
 Defined at:
		line 75 in file "main.c"
 Parameters:    Size  Location     Type
		None
 Auto vars:     Size  Location     Type
		None
 Return value:  Size  Location     Type
		None               void
 Registers used:
		wreg, fsr0l, fsr0h, fsr1l, fsr1h, fsr1l, fsr1h, fsr2l, fsr2h, status,2, status,0, pclat, btemp, btemp+1, btemp+2, btemp+3, btemp+4, btemp+5, btemp+6, btemp+7, tosl, structret, tblptrl, tblptrh, tblptru, prodl, prodh, bsr, cstack
 Tracked objects:
		On entry : 
		On exit  : 
		Unchanged: 
 Data sizes:     COMRAM   BANK0   BANK1   BANK2   BANK3   BANK4   BANK5   BANK6   BANK7
      Params:         0       0       0       0       0       0       0       0       0
      Locals:         0       0       0       0       0       0       0       0       0
      Temps:          0       0       0       0       0       0       0       0       0
      Totals:         0       0       0       0       0       0       0       0       0
Total ram usage:        0 bytes
 Hardware stack levels required when called:   16
 This function calls:
		_lcd_init
		_Configuracion_Registros
		_Timer1_Init
		_Init_AD
		_USART_Init
		_inicioInterrupcoes
		_mainLoop
 This function is called by:
		Startup code after reset
 This function uses a non-reentrant model


 *************** function _mainLoop *****************
 Defined at:
		line 92 in file "main.c"
 Parameters:    Size  Location     Type
		None
 Auto vars:     Size  Location     Type
		None
 Return value:  Size  Location     Type
		None               void
 Registers used:
		wreg, fsr0l, fsr0h, fsr1l, fsr1h, fsr1l, fsr1h, fsr2l, fsr2h, status,2, status,0, pclat, btemp, btemp+1, btemp+2, btemp+3, btemp+4, btemp+5, btemp+6, btemp+7, tosl, structret, tblptrl, tblptrh, tblptru, prodl, prodh, bsr, cstack
 Tracked objects:
		On entry : 
		On exit  : 
		Unchanged: 
 Data sizes:     COMRAM   BANK0   BANK1   BANK2   BANK3   BANK4   BANK5   BANK6   BANK7
      Params:         0       0       0       0       0       0       0       0       0
      Locals:         0       0       0       0       0       0       0       0       0
      Temps:          0       0       2       0       0       0       0       0       0
      Totals:         0       0       2       0       0       0       0       0       0
Total ram usage:        2 bytes
 Hardware stack levels used:    1
 Hardware stack levels required when called:   15
 This function calls:
		_lcd_gotoxy
		_lcd_putc
		_Obtener_Distancia
		_Read_LDR
		_sprintf
 This function is called by:
		_main
 This function uses a non-reentrant model


 *************** function _sprintf *****************
 Defined at:
		line 493 in file "C:\Program Files (x86)\Microchip\xc8\v1.20\sources\common\doprnt.c"
 Parameters:    Size  Location     Type
  sp              2   81[BANK1 ] PTR unsigned char 
		 -> LCD_Buffer(32), 
  f               2   83[BANK1 ] PTR const unsigned char 
		 -> STR_2(18), STR_1(10), 
 Auto vars:     Size  Location     Type
  vd              2  101[BANK1 ] unsigned int 
  vd              2  103[BANK1 ] unsigned int 
  _val            5  110[BANK1 ] struct .
  fval            3  121[BANK1 ] struct .
  integ           3  107[BANK1 ] struct .
  ival            3    0        struct .
  prec            2  124[BANK1 ] int 
  width           2  119[BANK1 ] int 
  exp             2  117[BANK1 ] int 
  flag            2  115[BANK1 ] unsigned short 
  ap              2  105[BANK1 ] PTR void [1]
		 -> ?_sprintf(2), 
  c               1  126[BANK1 ] char 
  d               1    0        unsigned char 
 Return value:  Size  Location     Type
                  2   81[BANK1 ] int 
 Registers used:
[...]
      Locals:         6       0       0       0       0       0       0       0       0
      Temps:          0       0       0       0       0       0       0       0       0
      Totals:         8       0       0       0       0       0       0       0       0
Total ram usage:        8 bytes
 Hardware stack levels used:    1
 Hardware stack levels required when called:    4
 This function calls:
		i1___lwdiv
 This function is called by:
		i1_mainLoop
 This function uses a non-reentrant model


 *************** function i1___lwdiv *****************
 Defined at:
		line 10 in file "C:\Program Files (x86)\Microchip\xc8\v1.20\sources\common\lwdiv.c"
 Parameters:    Size  Location     Type
  __lwdiv         2   16[COMRAM] unsigned int 
  __lwdiv         2   18[COMRAM] unsigned int 
 Auto vars:     Size  Location     Type
  __lwdiv         2   22[COMRAM] unsigned int 
  __lwdiv         1   21[COMRAM] unsigned char 
 Return value:  Size  Location     Type
                  2   16[COMRAM] unsigned int 
 Registers used:
		wreg, status,2, status,0
 Tracked objects:
		On entry : 
		On exit  : 
		Unchanged: 
 Data sizes:     COMRAM   BANK0   BANK1   BANK2   BANK3   BANK4   BANK5   BANK6   BANK7
      Params:         4       0       0       0       0       0       0       0       0
      Locals:         3       0       0       0       0       0       0       0       0
      Temps:          1       0       0       0       0       0       0       0       0
      Totals:         8       0       0       0       0       0       0       0       0
Total ram usage:        8 bytes
 Hardware stack levels used:    1
 Hardware stack levels required when called:    3
 This function calls:
		Nothing
 This function is called by:
		i1_Obtener_Distancia
 This function uses a non-reentrant model


 *************** function i1_lcd_putc *****************
 Defined at:
		line 135 in file "lcd.h"
 Parameters:    Size  Location     Type
  lcd_putc        2   20[COMRAM] PTR unsigned char 
		 -> LCD_Buffer(32), 
 Auto vars:     Size  Location     Type
  lcd_putc        2   22[COMRAM] int 
 Return value:  Size  Location     Type
		None               void
 Registers used:
		wreg, fsr2l, fsr2h, status,2, status,0, cstack
 Tracked objects:
		On entry : 
		On exit  : 
		Unchanged: 
 Data sizes:     COMRAM   BANK0   BANK1   BANK2   BANK3   BANK4   BANK5   BANK6   BANK7
      Params:         2       0       0       0       0       0       0       0       0
      Locals:         2       0       0       0       0       0       0       0       0
      Temps:          0       0       0       0       0       0       0       0       0
      Totals:         4       0       0       0       0       0       0       0       0
Total ram usage:        4 bytes
 Hardware stack levels used:    1
 Hardware stack levels required when called:    5
 This function calls:
		i1_lcd_write_char
 This function is called by:
		i1_mainLoop
 This function uses a non-reentrant model


 *************** function i1_lcd_write_char *****************
 Defined at:
		line 117 in file "lcd.h"
 Parameters:    Size  Location     Type
  lcd_write_ch    1   17[COMRAM] unsigned char 
 Auto vars:     Size  Location     Type
  lcd_write_ch    1   19[COMRAM] unsigned char 
  lcd_write_ch    1   18[COMRAM] unsigned char 
 Return value:  Size  Location     Type
		None               void
 Registers used:
		wreg, status,2, status,0, cstack
 Tracked objects:
		On entry : 
		On exit  : 
		Unchanged: 
 Data sizes:     COMRAM   BANK0   BANK1   BANK2   BANK3   BANK4   BANK5   BANK6   BANK7
      Params:         1       0       0       0       0       0       0       0       0
      Locals:         2       0       0       0       0       0       0       0       0
      Temps:          0       0       0       0       0       0       0       0       0
      Totals:         3       0       0       0       0       0       0       0       0
Total ram usage:        3 bytes
 Hardware stack levels used:    1
 Hardware stack levels required when called:    4
 This function calls:
		i1_Lcd_Port
 This function is called by:
		i1_lcd_putc
 This function uses a non-reentrant model


 *************** function i1_lcd_gotoxy *****************
 Defined at:
		line 72 in file "lcd.h"
 Parameters:    Size  Location     Type
  lcd_gotoxy      1   19[COMRAM] unsigned char 
  lcd_gotoxy      1   20[COMRAM] unsigned char 
 Auto vars:     Size  Location     Type
  lcd_gotoxy      1   23[COMRAM] unsigned char 
  lcd_gotoxy      1   22[COMRAM] unsigned char 
  lcd_gotoxy      1   21[COMRAM] unsigned char 
 Return value:  Size  Location     Type
		None               void
 Registers used:
		wreg, status,2, status,0, cstack
 Tracked objects:
		On entry : 
		On exit  : 
		Unchanged: 
 Data sizes:     COMRAM   BANK0   BANK1   BANK2   BANK3   BANK4   BANK5   BANK6   BANK7
      Params:         2       0       0       0       0       0       0       0       0
      Locals:         3       0       0       0       0       0       0       0       0
      Temps:          0       0       0       0       0       0       0       0       0
      Totals:         5       0       0       0       0       0       0       0       0
Total ram usage:        5 bytes
 Hardware stack levels used:    1
 Hardware stack levels required when called:    5
 This function calls:
		i1_Lcd_Cmd
 This function is called by:
		i1_mainLoop
 This function uses a non-reentrant model


 *************** function i1_Lcd_Cmd *****************
 Defined at:
		line 53 in file "lcd.h"
 Parameters:    Size  Location     Type
  Lcd_Cmd         1   17[COMRAM] unsigned char 
 Auto vars:     Size  Location     Type
		None
 Return value:  Size  Location     Type
		None               void
 Registers used:
		wreg, cstack
 Tracked objects:
		On entry : 
		On exit  : 
		Unchanged: 
 Data sizes:     COMRAM   BANK0   BANK1   BANK2   BANK3   BANK4   BANK5   BANK6   BANK7
      Params:         1       0       0       0       0       0       0       0       0
      Locals:         0       0       0       0       0       0       0       0       0
      Temps:          1       0       0       0       0       0       0       0       0
      Totals:         2       0       0       0       0       0       0       0       0
Total ram usage:        2 bytes
 Hardware stack levels used:    1
 Hardware stack levels required when called:    4
 This function calls:
		i1_Lcd_Port
 This function is called by:
		i1_lcd_gotoxy
 This function uses a non-reentrant model


 *************** function i1_Lcd_Port *****************
 Defined at:
		line 28 in file "lcd.h"
 Parameters:    Size  Location     Type
  Lcd_Port        1   16[COMRAM] unsigned char 
 Auto vars:     Size  Location     Type
		None
 Return value:  Size  Location     Type
		None               void
 Registers used:
		None
 Tracked objects:
		On entry : 
		On exit  : 
		Unchanged: 
 Data sizes:     COMRAM   BANK0   BANK1   BANK2   BANK3   BANK4   BANK5   BANK6   BANK7
      Params:         1       0       0       0       0       0       0       0       0
      Locals:         0       0       0       0       0       0       0       0       0
      Temps:          0       0       0       0       0       0       0       0       0
      Totals:         1       0       0       0       0       0       0       0       0
Total ram usage:        1 bytes
 Hardware stack levels used:    1
 Hardware stack levels required when called:    3
 This function calls:
		Nothing
 This function is called by:
		i1_Lcd_Cmd
		i1_lcd_write_char
 This function uses a non-reentrant model


 *************** function _interrupcaoHIGH *****************
 Defined at:
		line 184 in file "main.c"
 Parameters:    Size  Location     Type
		None
 Auto vars:     Size  Location     Type
  esp_server_d    1   15[COMRAM] unsigned char 
 Return value:  Size  Location     Type
		None               void
 Registers used:
		wreg, status,2, status,0, cstack
 Tracked objects:
		On entry : 
		On exit  : 
		Unchanged: 
 Data sizes:     COMRAM   BANK0   BANK1   BANK2   BANK3   BANK4   BANK5   BANK6   BANK7
      Params:         0       0       0       0       0       0       0       0       0
      Locals:         1       0       0       0       0       0       0       0       0
      Temps:         14       0       0       0       0       0       0       0       0
      Totals:        15       0       0       0       0       0       0       0       0
Total ram usage:       15 bytes
 Hardware stack levels used:    1
 Hardware stack levels required when called:    2
 This function calls:
		_control_LED
 This function is called by:
		Interrupt level 2
 This function uses a non-reentrant model


 *************** function _control_LED *****************
 Defined at:
		line 139 in file "main.c"
 Parameters:    Size  Location     Type
  data            1    0[COMRAM] unsigned char 
 Auto vars:     Size  Location     Type
		None
 Return value:  Size  Location     Type
		None               void
 Registers used:
		wreg, status,2, status,0, cstack
 Tracked objects:
		On entry : 
		On exit  : 
		Unchanged: 
 Data sizes:     COMRAM   BANK0   BANK1   BANK2   BANK3   BANK4   BANK5   BANK6   BANK7
      Params:         1       0       0       0       0       0       0       0       0
      Locals:         0       0       0       0       0       0       0       0       0
      Temps:          0       0       0       0       0       0       0       0       0
      Totals:         1       0       0       0       0       0       0       0       0
Total ram usage:        1 bytes
 Hardware stack levels used:    1
 Hardware stack levels required when called:    1
 This function calls:
		_led_off
		_led_on
 This function is called by:
		_interrupcaoHIGH
 This function uses a non-reentrant model


 *************** function _led_on *****************
 Defined at:
		line 118 in file "main.c"
 Parameters:    Size  Location     Type
		None
 Auto vars:     Size  Location     Type
		None
 Return value:  Size  Location     Type
		None               void
 Registers used:
		wreg, status,2
 Tracked objects:
		On entry : 
		On exit  : 
		Unchanged: 
 Data sizes:     COMRAM   BANK0   BANK1   BANK2   BANK3   BANK4   BANK5   BANK6   BANK7
      Params:         0       0       0       0       0       0       0       0       0
      Locals:         0       0       0       0       0       0       0       0       0
      Temps:          0       0       0       0       0       0       0       0       0
      Totals:         0       0       0       0       0       0       0       0       0
Total ram usage:        0 bytes
 Hardware stack levels used:    1
 This function calls:
		Nothing
 This function is called by:
		_control_LED
		_FSM
 This function uses a non-reentrant model


 *************** function _led_off *****************
 Defined at:
		line 115 in file "main.c"
 Parameters:    Size  Location     Type
		None
 Auto vars:     Size  Location     Type
		None
 Return value:  Size  Location     Type
		None               void
 Registers used:
		wreg, status,2
 Tracked objects:
		On entry : 
		On exit  : 
		Unchanged: 
 Data sizes:     COMRAM   BANK0   BANK1   BANK2   BANK3   BANK4   BANK5   BANK6   BANK7
      Params:         0       0       0       0       0       0       0       0       0
      Locals:         0       0       0       0       0       0       0       0       0
      Temps:          0       0       0       0       0       0       0       0       0
      Totals:         0       0       0       0       0       0       0       0       0
Total ram usage:        0 bytes
 Hardware stack levels used:    1
 This function calls:
		Nothing
 This function is called by:
		_control_LED
		_FSM
 This function uses a non-reentrant model



MODULE INFORMATION

Module		Function		Class		Link	Load	Size
C:\Program Files (x86)\Microchip\xc8\v1.20\sources\common\float.c
		___ftpack      		CODE           	4460	0000	346

C:\Program Files (x86)\Microchip\xc8\v1.20\sources\common\float.c estimated size: 346

lcd.h
		_lcd_write_char		CODE           	5E7E	0000	82
		_lcd_putc      		CODE           	5CA8	0000	100
		_Lcd_Cmd       		CODE           	633E	0000	34
		_lcd_gotoxy    		CODE           	58B4	0000	142
		_Lcd_Port      		CODE           	618E	0000	58
		_lcd_init      		CODE           	47F2	0000	278

lcd.h estimated size: 694

C:\Program Files (x86)\Microchip\xc8\v1.20\sources\common\isdigit.c
		_isdigit       		CODE           	6062	0000	62

C:\Program Files (x86)\Microchip\xc8\v1.20\sources\common\isdigit.c estimated size: 62

C:\Program Files (x86)\Microchip\xc8\v1.20\sources\common\ftge.c
		___ftge        		CODE           	4C24	0000	244

C:\Program Files (x86)\Microchip\xc8\v1.20\sources\common\ftge.c estimated size: 244

C:\Program Files (x86)\Microchip\xc8\v1.20\sources\common\wmul.c
		___wmul        		CODE           	5D70	0000	98

C:\Program Files (x86)\Microchip\xc8\v1.20\sources\common\wmul.c estimated size: 98

C:\Program Files (x86)\Microchip\xc8\v1.20\sources\common\doprnt.c
		_scale         		CODE           	2414	0000	1556
		_sprintf       		CODE           	0894	0000	3606
		_fround        		CODE           	2E78	0000	878

C:\Program Files (x86)\Microchip\xc8\v1.20\sources\common\doprnt.c estimated size: 6040

C:\Program Files (x86)\Microchip\xc8\v1.20\sources\common\llmod.c
		___llmod       		CODE           	5294	0000	214

C:\Program Files (x86)\Microchip\xc8\v1.20\sources\common\llmod.c estimated size: 214

shared
		i1___ftneg     		CODE           	62D2	0000	38
		i1___ftadd     		CODE           	3D84	0000	460
		__stringdata   		SMALLCONST     	0876	0000	28
		i1___ftdiv     		CODE           	4118	0000	456
		i1___fttol     		CODE           	50DC	0000	224
		__powers_      		SMALLCONST     	084F	0000	39
		i1___ftge      		CODE           	5794	0000	144
		i1___lwdiv     		CODE           	5DD2	0000	86
		_dpowers       		SMALLCONST     	0800	0000	40
		i1_isdigit     		CODE           	62F8	0000	36
		i1_Read_LDR    		CODE           	4EFE	0000	240
		i1___awdiv     		CODE           	5824	0000	144
		i1__tdiv_to_l_ 		CODE           	45BA	0000	290
		i1___awtoft    		CODE           	5F16	0000	68
		i1___ftmul     		CODE           	4908	0000	272
		i1___asftadd   		CODE           	6118	0000	60
		i1___asftsub   		CODE           	60A0	0000	60
		i1___asftmul   		CODE           	60DC	0000	60
		i1___wmul      		CODE           	61C8	0000	58
		i1_Lcd_Port    		CODE           	62A8	0000	42
		i1__div_to_l_  		CODE           	4D18	0000	244
		i1_Lcd_Cmd     		CODE           	6360	0000	32
		i1___lwmod     		CODE           	5ED0	0000	70
		i1___ftpack    		CODE           	543C	0000	184
		__npowers_     		SMALLCONST     	0828	0000	39
		i1_scale       		CODE           	2A28	0000	1104
		i1___lldiv     		CODE           	59CC	0000	134
		i1___lltoft    		CODE           	5D0C	0000	100
		__initializatio		CODE           	631C	0000	24
		i1___ftsub     		CODE           	623C	0000	54
		i1_Obtener_Dist		CODE           	5AD2	0000	126
		i1___awmod     		CODE           	5B50	0000	124
		i1_lcd_gotoxy  		CODE           	5E28	0000	86
		i1___llmod     		CODE           	5C3E	0000	106
		i1_sprintf     		CODE           	16AA	0000	3434
		i1_lcd_write_ch		CODE           	6202	0000	58
		i1_lcd_putc    		CODE           	6272	0000	54
		i1_fround      		CODE           	3532	0000	640
		i1_mainLoop    		CODE           	536A	0000	210

shared estimated size: 9668

C:\Program Files (x86)\Microchip\xc8\v1.20\sources\common\altoft.c
		___altoft      		CODE           	51BC	0000	216

C:\Program Files (x86)\Microchip\xc8\v1.20\sources\common\altoft.c estimated size: 216

C:\Program Files (x86)\Microchip\xc8\v1.20\sources\common\fldivl.c
		__div_to_l_    		CODE           	3BB0	0000	468

C:\Program Files (x86)\Microchip\xc8\v1.20\sources\common\fldivl.c estimated size: 468

C:\Program Files (x86)\Microchip\xc8\v1.20\sources\common\ftdiv.c
		___ftdiv       		CODE           	3F50	0000	456

C:\Program Files (x86)\Microchip\xc8\v1.20\sources\common\ftdiv.c estimated size: 456

C:\Program Files (x86)\Microchip\xc8\v1.20\sources\common\lldiv.c
		___lldiv       		CODE           	4A18	0000	266

C:\Program Files (x86)\Microchip\xc8\v1.20\sources\common\lldiv.c estimated size: 266

C:\Program Files (x86)\Microchip\xc8\v1.20\sources\common\ftsub.c
		___ftsub       		CODE           	5F9C	0000	66

C:\Program Files (x86)\Microchip\xc8\v1.20\sources\common\ftsub.c estimated size: 66

C:\Program Files (x86)\Microchip\xc8\v1.20\sources\common\ftdivl.c
		__tdiv_to_l_   		CODE           	37B2	0000	528

C:\Program Files (x86)\Microchip\xc8\v1.20\sources\common\ftdivl.c estimated size: 528

C:\Program Files (x86)\Microchip\xc8\v1.20\sources\common\ftneg.c
		___ftneg       		CODE           	6154	0000	58

C:\Program Files (x86)\Microchip\xc8\v1.20\sources\common\ftneg.c estimated size: 58

C:\Program Files (x86)\Microchip\xc8\v1.20\sources\common\awtoft.c
		___awtoft      		CODE           	5BCC	0000	114

C:\Program Files (x86)\Microchip\xc8\v1.20\sources\common\awtoft.c estimated size: 114

C:\Program Files (x86)\Microchip\xc8\v1.20\sources\pic18\asftsub.c
		___asftsub     		CODE           	5F5A	0000	66

C:\Program Files (x86)\Microchip\xc8\v1.20\sources\pic18\asftsub.c estimated size: 66

main.c
		_Read_LDR      		CODE           	4B22	0000	258
		_Init_AD       		CODE           	63CC	0000	20
		_led_off       		CODE           	640C	0000	6
		_main          		CODE           	6380	0000	30
		_control_LED   		CODE           	639E	0000	26
		_Timer1_Init   		CODE           	63E0	0000	20
		_inicioInterrup		CODE           	63B8	0000	20
		_interrupcaoLOW		CODE           	0018	0000	142
		_led_on        		CODE           	6406	0000	6
		_Configuracion_		CODE           	63F4	0000	18
		_mainLoop      		CODE           	4E0C	0000	242
		_interrupcaoHIG		CODE           	0008	0000	23242
		_Obtener_Distan		CODE           	54F4	0000	174
		_USART_Init    		CODE           	55A2	0000	172

main.c estimated size: 24376

C:\Program Files (x86)\Microchip\xc8\v1.20\sources\common\ftmul.c
		___ftmul       		CODE           	39C2	0000	494

C:\Program Files (x86)\Microchip\xc8\v1.20\sources\common\ftmul.c estimated size: 494

C:\Program Files (x86)\Microchip\xc8\v1.20\sources\common\lltoft.c
		___lltoft      		CODE           	56F8	0000	156

C:\Program Files (x86)\Microchip\xc8\v1.20\sources\common\lltoft.c estimated size: 156

C:\Program Files (x86)\Microchip\xc8\v1.20\sources\common\fttol.c
		___fttol       		CODE           	42E0	0000	384

C:\Program Files (x86)\Microchip\xc8\v1.20\sources\common\fttol.c estimated size: 384

C:\Program Files (x86)\Microchip\xc8\v1.20\sources\pic18\asftmul.c
		___asftmul     		CODE           	5FDE	0000	66

C:\Program Files (x86)\Microchip\xc8\v1.20\sources\pic18\asftmul.c estimated size: 66

C:\Program Files (x86)\Microchip\xc8\v1.20\sources\common\awmod.c
		___awmod       		CODE           	4FEE	0000	238

C:\Program Files (x86)\Microchip\xc8\v1.20\sources\common\awmod.c estimated size: 238

C:\Program Files (x86)\Microchip\xc8\v1.20\sources\common\lwmod.c
		___lwmod       		CODE           	5942	0000	138

C:\Program Files (x86)\Microchip\xc8\v1.20\sources\common\lwmod.c estimated size: 138

C:\Program Files (x86)\Microchip\xc8\v1.20\sources\common\awdiv.c
		___awdiv       		CODE           	46DC	0000	278

C:\Program Files (x86)\Microchip\xc8\v1.20\sources\common\awdiv.c estimated size: 278

C:\Program Files (x86)\Microchip\xc8\v1.20\sources\common\ftadd.c
		___ftadd       		CODE           	31E6	0000	844

C:\Program Files (x86)\Microchip\xc8\v1.20\sources\common\ftadd.c estimated size: 844

C:\Program Files (x86)\Microchip\xc8\v1.20\sources\pic18\asftadd.c
		___asftadd     		CODE           	6020	0000	66

C:\Program Files (x86)\Microchip\xc8\v1.20\sources\pic18\asftadd.c estimated size: 66

C:\Program Files (x86)\Microchip\xc8\v1.20\sources\common\lwdiv.c
		___lwdiv       		CODE           	564E	0000	170

C:\Program Files (x86)\Microchip\xc8\v1.20\sources\common\lwdiv.c estimated size: 170

