Microchip MPLAB XC8 Compiler V1.20 ()

Linker command line:

-W-3 --edf=C:\Program Files (x86)\Microchip\xc8\v1.20\dat\en_msgs.txt -cs \
  -h+dist/default/production\smart_lamp.X.production.sym \
  --cmf=dist/default/production\smart_lamp.X.production.cmf -z -Q18F4550 \
  -oC:\Users\MARIAA~1\AppData\Local\Temp\sg18.6 \
  -Mdist/default/production/smart_lamp.X.production.map -E1 -ver=XC8 \
  -ACODE=00h-07FFFh -ACONST=00h-07FFFh -ASMALLCONST=0800h-08FFhx120 \
  -AMEDIUMCONST=0800h-07FFFh -ACOMRAM=01h-05Fh -AABS1=00h-07FFh \
  -ABIGRAM=01h-07FFh -ARAM=060h-0FFh,0100h-01FFhx7 -ABANK0=060h-0FFh \
  -ABANK1=0100h-01FFh -ABANK2=0200h-02FFh -ABANK3=0300h-03FFh \
  -ABANK4=0400h-04FFh -ABANK5=0500h-05FFh -ABANK6=0600h-06FFh \
  -ABANK7=0700h-07FFh -ASFR=0F60h-0FFFh \
  -preset_vec=00h,intcode,intcodelo,powerup,init,end_init -pramtop=0800h \
  -psmallconst=SMALLCONST -pmediumconst=MEDIUMCONST -pconst=CONST \
  -AFARRAM=00h-00h -ACONFIG=0300000h-030000Dh -pconfig=CONFIG \
  -AIDLOC=0200000h-0200007h -pidloc=IDLOC -AEEDATA=0F00000h-0F000FFh \
  -peeprom_data=EEDATA \
  -prdata=COMRAM,nvrram=COMRAM,nvbit=COMRAM,rbss=COMRAM,rbit=COMRAM \
  -pfarbss=FARRAM,fardata=FARRAM,nvFARRAM=FARRAM \
  -pintsave_regs=BIGRAM,bigbss=BIGRAM,bigdata=BIGRAM -pbss=RAM \
  -pidata=CODE,irdata=CODE,ibigdata=CODE,ifardata=CODE \
  C:\Users\MARIAA~1\AppData\Local\Temp\sg18.obj \
  dist/default/production\smart_lamp.X.production.obj 

Object code version is 3.11

Machine type is 18F4550

Call graph: (short form)




                Name                               Link     Load   Length Selector   Space Scale
C:\Users\MARIAA~1\AppData\Local\Temp\sg18.obj
                end_init                              0        0        4        0       0
                idloc                            200000   200000        8   200000       0
                config                           300000   300000        E   300000       0
dist/default/production\smart_lamp.X.production.obj
                smallconst                          800      800       8C      400       0
                text41                             1E92     1E92       E0      446       0
                text40                             29E4     29E4       2A      446       0
                text39                             2A58     2A58       20      446       0
                text38                             21BA     21BA       B8      446       0
                text37                             2AC8     2AC8       12      446       0
                text36                             2AA2     2AA2       14      446       0
                text35                             2A8E     2A8E       14      446       0
                text34                             2102     2102       B8      446       0
                text33                             249E     249E       84      446       0
                text32                             18A2     18A2      1CC      446       0
                text31                             1CA0     1CA0       FE      446       0
                text30                             2418     2418       86      446       0
                text29                             2740     2740       56      446       0
                text28                             2522     2522       7E      446       0
                text27                             1B90     1B90      110      446       0
                text26                             27DC     27DC       44      446       0
                text25                             2048     2048       BA      446       0
                text24                             2302     2302       90      446       0
                text23                             25A0     25A0       7C      446       0
                text22                             290E     290E       3A      446       0
                text21                             1622     1622      280      446       0
                text20                             11D2     11D2      450      446       0
                text19                             2A34     2A34       24      446       0
                text18                             1A6E     1A6E      122      446       0
                text17                             1D9E     1D9E       F4      446       0
                text16                             2898     2898       3C      446       0
                text15                             285C     285C       3C      446       0
                text14                             297E     297E       36      446       0
                text13                             2820     2820       3C      446       0
                text12                             2272     2272       90      446       0
                text11                             2A0E     2A0E       26      446       0
                text10                             2392     2392       86      446       0
                text9                              261C     261C       6A      446       0
                text8                              2686     2686       64      446       0
                text7                              2796     2796       46      446       0
                text6                               88C      88C      946      446       0
                text5                              2AB6     2AB6       12      446       0
                text4                              26EA     26EA       56      446       0
                text3                              28D4     28D4       3A      446       0
                text2                              2948     2948       36      446       0
                text1                              29B4     29B4       30      446       0
                text0                              1F72     1F72       D6      446       0
                cstackCOMRAM                          1        1       5E        1       1
                cstackBANK0                          60       60       36       60       1
                bssBANK0                             96       96       20       60       1
                cinit                              2A78     2A78       16      446       0

TOTAL           Name                               Link     Load   Length     Space
        CLASS   CODE           
                end_init                              0        0        4         0
                text41                             1E92     1E92       E0         0
                text40                             29E4     29E4       2A         0
                text39                             2A58     2A58       20         0
                text38                             21BA     21BA       B8         0
                text37                             2AC8     2AC8       12         0
                text36                             2AA2     2AA2       14         0
                text35                             2A8E     2A8E       14         0
                text34                             2102     2102       B8         0
                text33                             249E     249E       84         0
                text32                             18A2     18A2      1CC         0
                text31                             1CA0     1CA0       FE         0
                text30                             2418     2418       86         0
                text29                             2740     2740       56         0
                text28                             2522     2522       7E         0
                text27                             1B90     1B90      110         0
                text26                             27DC     27DC       44         0
                text25                             2048     2048       BA         0
                text24                             2302     2302       90         0
                text23                             25A0     25A0       7C         0
                text22                             290E     290E       3A         0
                text21                             1622     1622      280         0
                text20                             11D2     11D2      450         0
                text19                             2A34     2A34       24         0
                text18                             1A6E     1A6E      122         0
                text17                             1D9E     1D9E       F4         0
                text16                             2898     2898       3C         0
                text15                             285C     285C       3C         0
                text14                             297E     297E       36         0
                text13                             2820     2820       3C         0
                text12                             2272     2272       90         0
                text11                             2A0E     2A0E       26         0
                text10                             2392     2392       86         0
                text9                              261C     261C       6A         0
                text8                              2686     2686       64         0
                text7                              2796     2796       46         0
                text6                               88C      88C      946         0
                text5                              2AB6     2AB6       12         0
                text4                              26EA     26EA       56         0
                text3                              28D4     28D4       3A         0
                text2                              2948     2948       36         0
                text1                              29B4     29B4       30         0
                text0                              1F72     1F72       D6         0
                cinit                              2A78     2A78       16         0

        CLASS   CONST          

        CLASS   SMALLCONST     
                smallconst                          800      800       8C         0

        CLASS   MEDIUMCONST    

        CLASS   COMRAM         
                cstackCOMRAM                          1        1       5E         1

        CLASS   ABS1           

        CLASS   BIGRAM         

        CLASS   RAM            

        CLASS   BANK0          
                cstackBANK0                          60       60       36         1
                bssBANK0                             96       96       20         1

        CLASS   BANK1          

        CLASS   BANK2          

        CLASS   BANK3          

        CLASS   BANK4          

        CLASS   BANK5          

        CLASS   BANK6          

        CLASS   BANK7          

        CLASS   SFR            

        CLASS   FARRAM         

        CLASS   CONFIG         
                config                           300000   300000        E         0

        CLASS   IDLOC          
                idloc                            200000   200000        8         0

        CLASS   EEDATA         



SEGMENTS        Name                           Load    Length   Top    Selector   Space  Class

                reset_vec                      000000  000004  000004         0       0  CODE    
                cstackCOMRAM                   000001  00005E  00005F         1       1  COMRAM  
                cstackBANK0                    000060  000056  0000B6        60       1  BANK0   
                smallconst                     000800  00008C  00088C       400       0  SMALLCON
                text6                          00088C  00224E  002ADA       446       0  CODE    
                idloc                          200000  000008  200008    200000       0  IDLOC   
                config                         300000  00000E  30000E    300000       0  CONFIG  


UNUSED ADDRESS RANGES

        Name                Unused          Largest block    Delta
        BANK0            0000B6-0000FF               4A
        BANK1            000100-0001FF              100
        BANK2            000200-0002FF              100
        BANK3            000300-0003FF              100
        BANK4            000400-0004FF              100
        BANK5            000500-0005FF              100
        BANK6            000600-0006FF              100
        BANK7            000700-0007FF              100
        BIGRAM           00005F-00005F                1
                         0000B6-0007FF              74A
        CODE             000004-0007FF              7FC
                         002ADA-007FFF             5526
        COMRAM           00005F-00005F                1
        CONST            000004-0007FF              7FC
                         002ADA-007FFF             5526
        EEDATA           F00000-F000FF              100
        MEDIUMCONST      002ADA-007FFF             5526
        RAM              0000B6-0007FF              100
        SFR              000F60-000FFF               A0
        SMALLCONST       002ADA-007FFF              100

                                  Symbol Table

?_Lcd_Cmd                         cstackCOMRAM 000002
?_Lcd_Port                        cstackCOMRAM 000001
?_Obtener_Distancia               cstackCOMRAM 000009
?_Read_LDR                        cstackCOMRAM 000048
?___altoft                        cstackCOMRAM 000009
?___asftadd                       cstackCOMRAM 000056
?___asftmul                       cstackCOMRAM 000037
?___asftsub                       cstackBANK0  000060
?___awdiv                         cstackCOMRAM 000008
?___awmod                         cstackCOMRAM 000001
?___awtoft                        cstackCOMRAM 000009
?___ftadd                         cstackCOMRAM 000048
?___ftdiv                         cstackCOMRAM 000037
?___ftge                          cstackCOMRAM 000001
?___ftmul                         cstackCOMRAM 000026
?___ftneg                         cstackCOMRAM 000001
?___ftpack                        cstackCOMRAM 000001
?___ftsub                         cstackCOMRAM 000056
?___fttol                         cstackCOMRAM 000017
?___lldiv                         cstackCOMRAM 000001
?___llmod                         cstackCOMRAM 000001
?___lltoft                        cstackCOMRAM 000009
?___lwdiv                         cstackCOMRAM 000001
?___lwmod                         cstackCOMRAM 000001
?___wmul                          cstackCOMRAM 000011
?__div_to_l_                      cstackCOMRAM 000001
?__tdiv_to_l_                     cstackCOMRAM 000001
?_fround                          cstackCOMRAM 000037
?_isdigit                         cstackCOMRAM 000001
?_lcd_gotoxy                      cstackCOMRAM 000004
?_lcd_putc                        cstackCOMRAM 000005
?_lcd_write_char                  cstackCOMRAM 000002
?_scale                           cstackCOMRAM 000037
?_sprintf                         cstackBANK0  000065
?_states_LED                      cstackCOMRAM 000009
Lcd_Cmd@a                         cstackCOMRAM 000002
Lcd_Port@a                        cstackCOMRAM 000001
Obtener_Distancia@Distancia       cstackCOMRAM 00000D
Obtener_Distancia@Duracion        cstackCOMRAM 00000F
Obtener_Distancia@Timer_1         cstackCOMRAM 00000B
Read_LDR@analog_reading           cstackCOMRAM 00004F
USART_Init@baud_rate              cstackCOMRAM 000056
USART_Init@temp                   cstackCOMRAM 00005A
_ADCON0                           (abs)        000FC2
_ADCON0bits                       (abs)        000FC2
_ADCON1                           (abs)        000FC1
_ADCON1bits                       (abs)        000FC1
_ADCON2                           (abs)        000FC0
_ADON                             (abs)        007E10
_ADRESH                           (abs)        000FC4
_ADRESL                           (abs)        000FC3
_CREN                             (abs)        007D5C
_Configuracion_Registros          text37       002AC8
_GO                               (abs)        007E11
_Init_AD                          text35       002A8E
_LATAbits                         (abs)        000F89
_LATB                             (abs)        000F8A
_LCD_Buffer                       bssBANK0     000096
_Lcd_Cmd                          text39       002A58
_Lcd_Port                         text40       0029E4
_Obtener_Distancia                text28       002522
_PORTAbits                        (abs)        000F80
_RCIF                             (abs)        007CF5
_RCREG                            (abs)        000FAE
_RCSTA                            (abs)        000FAB
_RCSTAbits                        (abs)        000FAB
_RD2                              (abs)        007C1A
_RD3                              (abs)        007C1B
_RD4                              (abs)        007C1C
_RD5                              (abs)        007C1D
_RD6                              (abs)        007C1E
_RD7                              (abs)        007C1F
_Read_LDR                         text25       002048
_SPBRG                            (abs)        000FAF
_T1CONbits                        (abs)        000FCD
_TMR1                             (abs)        000FCE
_TMR1ON                           (abs)        007E68
_TRISA                            (abs)        000F92
_TRISA0                           (abs)        007C90
_TRISB                            (abs)        000F93
_TRISC6                           (abs)        007CA6
_TRISC7                           (abs)        007CA7
_TRISD                            (abs)        000F95
_TXIF                             (abs)        007CF4
_TXREG                            (abs)        000FAD
_Timer1_Init                      text36       002AA2
_USART_Init                       text30       002418
_USART_ReceiveChar                text5        002AB6
__CFG_BOR$OFF                     (abs)        000000
__CFG_BORV$3                      (abs)        000000
__CFG_CCP2MX$ON                   (abs)        000000
__CFG_CP0$OFF                     (abs)        000000
__CFG_CP1$OFF                     (abs)        000000
__CFG_CP2$OFF                     (abs)        000000
__CFG_CP3$OFF                     (abs)        000000
__CFG_CPB$OFF                     (abs)        000000
__CFG_CPD$OFF                     (abs)        000000
__CFG_CPUDIV$OSC1_PLL2            (abs)        000000
__CFG_EBTR0$OFF                   (abs)        000000
__CFG_EBTR1$OFF                   (abs)        000000
__CFG_EBTR2$OFF                   (abs)        000000
__CFG_EBTR3$OFF                   (abs)        000000
__CFG_EBTRB$OFF                   (abs)        000000
__CFG_FCMEN$OFF                   (abs)        000000
__CFG_FOSC$HS                     (abs)        000000
__CFG_ICPRT$OFF                   (abs)        000000
__CFG_IESO$OFF                    (abs)        000000
__CFG_LPT1OSC$OFF                 (abs)        000000
__CFG_LVP$OFF                     (abs)        000000
__CFG_MCLRE$ON                    (abs)        000000
__CFG_PBADEN$ON                   (abs)        000000
__CFG_PLLDIV$1                    (abs)        000000
__CFG_PWRT$OFF                    (abs)        000000
__CFG_STVREN$ON                   (abs)        000000
__CFG_USBDIV$1                    (abs)        000000
__CFG_VREGEN$OFF                  (abs)        000000
__CFG_WDT$OFF                     (abs)        000000
__CFG_WDTPS$32768                 (abs)        000000
__CFG_WRT0$OFF                    (abs)        000000
__CFG_WRT1$OFF                    (abs)        000000
__CFG_WRT2$OFF                    (abs)        000000
__CFG_WRT3$OFF                    (abs)        000000
__CFG_WRTB$OFF                    (abs)        000000
__CFG_WRTC$OFF                    (abs)        000000
__CFG_WRTD$OFF                    (abs)        000000
__CFG_XINST$OFF                   (abs)        000000
__HRAM                            (abs)        000000
__Habs1                           abs1         000000
__Hbank0                          bank0        000000
__Hbank1                          bank1        000000
__Hbank2                          bank2        000000
__Hbank3                          bank3        000000
__Hbank4                          bank4        000000
__Hbank5                          bank5        000000
__Hbank6                          bank6        000000
__Hbank7                          bank7        000000
__Hbigbss                         bigbss       000000
__Hbigdata                        bigdata      000000
__Hbigram                         bigram       000000
__Hbss                            bss          000000
__HbssBANK0                       bssBANK0     000000
__Hcinit                          cinit        000000
__Hclrtext                        clrtext      000000
__Hcomram                         comram       000000
__Hconfig                         config       30000E
__Hconst                          const        000000
__HcstackBANK0                    cstackBANK0  000000
__HcstackCOMRAM                   cstackCOMRAM 000000
__Hdata                           data         000000
__Heeprom_data                    eeprom_data  000000
__Hend_init                       end_init     000004
__Hfarbss                         farbss       000000
__Hfardata                        fardata      000000
__Hibigdata                       ibigdata     000000
__Hidata                          idata        000000
__Hidloc                          idloc        200008
__Hifardata                       ifardata     000000
__Hinit                           init         000000
__Hintcode                        intcode      000000
__Hintcode_body                   intcode_body 000000
__Hintcodelo                      intcodelo    000000
__Hintentry                       intentry     000000
__Hintret                         intret       000000
__Hintsave_regs                   intsave_regs 000000
__Hirdata                         irdata       000000
__Hmediumconst                    mediumconst  000000
__HnvFARRAM                       nvFARRAM     000000
__Hnvbit                          nvbit        000000
__Hnvrram                         nvrram       000000
__Hparam                          rparam       000000
__Hpowerup                        powerup      000000
__Hram                            ram          000000
__Hramtop                         ramtop       000800
__Hrbit                           rbit         000000
__Hrbss                           rbss         000000
__Hrdata                          rdata        000000
__Hreset_vec                      reset_vec    000000
__Hrparam                         rparam       000000
__Hsfr                            sfr          000000
__Hsmallconst                     smallconst   00088C
__Hstruct                         struct       000000
__Htemp                           temp         000000
__Htext                           text         000000
__Htext0                          text0        000000
__Htext1                          text1        000000
__Htext10                         text10       000000
__Htext11                         text11       000000
__Htext12                         text12       000000
__Htext13                         text13       000000
__Htext14                         text14       000000
__Htext15                         text15       000000
__Htext16                         text16       000000
__Htext17                         text17       000000
__Htext18                         text18       000000
__Htext19                         text19       000000
__Htext2                          text2        000000
__Htext20                         text20       000000
__Htext21                         text21       000000
__Htext22                         text22       000000
__Htext23                         text23       000000
__Htext24                         text24       000000
__Htext25                         text25       000000
__Htext26                         text26       000000
__Htext27                         text27       000000
__Htext28                         text28       000000
__Htext29                         text29       000000
__Htext3                          text3        000000
__Htext30                         text30       000000
__Htext31                         text31       000000
__Htext32                         text32       000000
__Htext33                         text33       000000
__Htext34                         text34       000000
__Htext35                         text35       000000
__Htext36                         text36       000000
__Htext37                         text37       000000
__Htext38                         text38       000000
__Htext39                         text39       000000
__Htext4                          text4        000000
__Htext40                         text40       000000
__Htext41                         text41       000000
__Htext5                          text5        000000
__Htext6                          text6        000000
__Htext7                          text7        000000
__Htext8                          text8        000000
__Htext9                          text9        000000
__LRAM                            (abs)        000001
__Labs1                           abs1         000000
__Lbank0                          bank0        000000
__Lbank1                          bank1        000000
__Lbank2                          bank2        000000
__Lbank3                          bank3        000000
__Lbank4                          bank4        000000
__Lbank5                          bank5        000000
__Lbank6                          bank6        000000
__Lbank7                          bank7        000000
__Lbigbss                         bigbss       000000
__Lbigdata                        bigdata      000000
__Lbigram                         bigram       000000
__Lbss                            bss          000000
__LbssBANK0                       bssBANK0     000000
__Lcinit                          cinit        000000
__Lclrtext                        clrtext      000000
__Lcomram                         comram       000000
__Lconfig                         config       300000
__Lconst                          const        000000
__LcstackBANK0                    cstackBANK0  000000
__LcstackCOMRAM                   cstackCOMRAM 000000
__Ldata                           data         000000
__Leeprom_data                    eeprom_data  000000
__Lend_init                       end_init     000000
__Lfarbss                         farbss       000000
__Lfardata                        fardata      000000
__Libigdata                       ibigdata     000000
__Lidata                          idata        000000
__Lidloc                          idloc        200000
__Lifardata                       ifardata     000000
__Linit                           init         000000
__Lintcode                        intcode      000000
__Lintcode_body                   intcode_body 000000
__Lintcodelo                      intcodelo    000000
__Lintentry                       intentry     000000
__Lintret                         intret       000000
__Lintsave_regs                   intsave_regs 000000
__Lirdata                         irdata       000000
__Lmediumconst                    mediumconst  000000
__LnvFARRAM                       nvFARRAM     000000
__Lnvbit                          nvbit        000000
__Lnvrram                         nvrram       000000
__Lparam                          rparam       000000
__Lpowerup                        powerup      000000
__Lram                            ram          000000
__Lramtop                         ramtop       000800
__Lrbit                           rbit         000000
__Lrbss                           rbss         000000
__Lrdata                          rdata        000000
__Lreset_vec                      reset_vec    000000
__Lrparam                         rparam       000000
__Lsfr                            sfr          000000
__Lsmallconst                     smallconst   000800
__Lstruct                         struct       000000
__Ltemp                           temp         000000
__Ltext                           text         000000
__Ltext0                          text0        000000
__Ltext1                          text1        000000
__Ltext10                         text10       000000
__Ltext11                         text11       000000
__Ltext12                         text12       000000
__Ltext13                         text13       000000
__Ltext14                         text14       000000
__Ltext15                         text15       000000
__Ltext16                         text16       000000
__Ltext17                         text17       000000
__Ltext18                         text18       000000
__Ltext19                         text19       000000
__Ltext2                          text2        000000
__Ltext20                         text20       000000
__Ltext21                         text21       000000
__Ltext22                         text22       000000
__Ltext23                         text23       000000
__Ltext24                         text24       000000
__Ltext25                         text25       000000
__Ltext26                         text26       000000
__Ltext27                         text27       000000
__Ltext28                         text28       000000
__Ltext29                         text29       000000
__Ltext3                          text3        000000
__Ltext30                         text30       000000
__Ltext31                         text31       000000
__Ltext32                         text32       000000
__Ltext33                         text33       000000
__Ltext34                         text34       000000
__Ltext35                         text35       000000
__Ltext36                         text36       000000
__Ltext37                         text37       000000
__Ltext38                         text38       000000
__Ltext39                         text39       000000
__Ltext4                          text4        000000
__Ltext40                         text40       000000
__Ltext41                         text41       000000
__Ltext5                          text5        000000
__Ltext6                          text6        000000
__Ltext7                          text7        000000
__Ltext8                          text8        000000
__Ltext9                          text9        000000
__S0                              (abs)        30000E
__S1                              (abs)        0000B6
___altoft                         text33       00249E
___altoft@c                       cstackCOMRAM 000009
___altoft@exp                     cstackCOMRAM 000011
___altoft@sign                    cstackCOMRAM 000012
___asftadd                        text16       002898
___asftadd@f1p                    cstackCOMRAM 000056
___asftadd@f2                     cstackCOMRAM 000058
___asftmul                        text15       00285C
___asftmul@f1p                    cstackCOMRAM 000037
___asftmul@f2                     cstackCOMRAM 000039
___asftsub                        text13       002820
___asftsub@f1p                    cstackBANK0  000060
___asftsub@f2                     cstackBANK0  000062
___awdiv                          text24       002302
___awdiv@counter                  cstackCOMRAM 00000D
___awdiv@dividend                 cstackCOMRAM 000008
___awdiv@divisor                  cstackCOMRAM 00000A
___awdiv@quotient                 cstackCOMRAM 00000F
___awdiv@sign                     cstackCOMRAM 00000E
___awmod                          text23       0025A0
___awmod@counter                  cstackCOMRAM 000006
___awmod@dividend                 cstackCOMRAM 000001
___awmod@divisor                  cstackCOMRAM 000003
___awmod@sign                     cstackCOMRAM 000007
___awtoft                         text26       0027DC
___awtoft@c                       cstackCOMRAM 000009
___awtoft@sign                    cstackCOMRAM 00000D
___ftadd                          text32       0018A2
___ftadd@exp1                     cstackCOMRAM 000055
___ftadd@exp2                     cstackCOMRAM 000054
___ftadd@f1                       cstackCOMRAM 000048
___ftadd@f2                       cstackCOMRAM 00004B
___ftadd@sign                     cstackCOMRAM 000053
___ftdiv                          text31       001CA0
___ftdiv@cntr                     cstackCOMRAM 000042
___ftdiv@exp                      cstackCOMRAM 000046
___ftdiv@f1                       cstackCOMRAM 000037
___ftdiv@f2                       cstackCOMRAM 00003A
___ftdiv@f3                       cstackCOMRAM 000043
___ftdiv@sign                     cstackCOMRAM 000047
___ftge                           text12       002272
___ftge@ff1                       cstackCOMRAM 000001
___ftge@ff2                       cstackCOMRAM 000004
___ftmul                          text27       001B90
___ftmul@cntr                     cstackCOMRAM 000035
___ftmul@exp                      cstackCOMRAM 000031
___ftmul@f1                       cstackCOMRAM 000026
___ftmul@f2                       cstackCOMRAM 000029
___ftmul@f3_as_product            cstackCOMRAM 000032
___ftmul@sign                     cstackCOMRAM 000036
___ftneg                          text11       002A0E
___ftneg@f1                       cstackCOMRAM 000001
___ftpack                         text34       002102
___ftpack@arg                     cstackCOMRAM 000001
___ftpack@exp                     cstackCOMRAM 000004
___ftpack@sign                    cstackCOMRAM 000005
___ftsub                          text14       00297E
___ftsub@f1                       cstackCOMRAM 000056
___ftsub@f2                       cstackCOMRAM 000059
___fttol                          text41       001E92
___fttol@exp1                     cstackCOMRAM 000025
___fttol@f1                       cstackCOMRAM 000017
___fttol@lval                     cstackCOMRAM 000021
___fttol@sign1                    cstackCOMRAM 000020
___lldiv                          text10       002392
___lldiv@counter                  cstackCOMRAM 00000E
___lldiv@dividend                 cstackCOMRAM 000001
___lldiv@divisor                  cstackCOMRAM 000005
___lldiv@quotient                 cstackCOMRAM 00000A
___llmod                          text9        00261C
___llmod@counter                  cstackCOMRAM 00000A
___llmod@dividend                 cstackCOMRAM 000001
___llmod@divisor                  cstackCOMRAM 000005
___lltoft                         text8        002686
___lltoft@c                       cstackCOMRAM 000009
___lltoft@exp                     cstackCOMRAM 000011
___lwdiv                          text29       002740
___lwdiv@counter                  cstackCOMRAM 000008
___lwdiv@dividend                 cstackCOMRAM 000001
___lwdiv@divisor                  cstackCOMRAM 000003
___lwdiv@quotient                 cstackCOMRAM 000006
___lwmod                          text7        002796
___lwmod@counter                  cstackCOMRAM 000006
___lwmod@dividend                 cstackCOMRAM 000001
___lwmod@divisor                  cstackCOMRAM 000003
___wmul                           text22       00290E
___wmul@multiplicand              cstackCOMRAM 000013
___wmul@multiplier                cstackCOMRAM 000011
___wmul@product                   cstackCOMRAM 000015
__accesstop                       (abs)        000060
__activetblptr                    (abs)        000002
__div_to_l_                       text17       001D9E
__div_to_l_@cntr                  cstackCOMRAM 00000C
__div_to_l_@exp1                  cstackCOMRAM 00000D
__div_to_l_@f1                    cstackCOMRAM 000001
__div_to_l_@f2                    cstackCOMRAM 000004
__div_to_l_@quot                  cstackCOMRAM 000008
__end_of_Configuracion_Registros  text37       002ADA
__end_of_Init_AD                  text35       002AA2
__end_of_Lcd_Cmd                  text39       002A78
__end_of_Lcd_Port                 text40       002A0E
__end_of_Obtener_Distancia        text28       0025A0
__end_of_Read_LDR                 text25       002102
__end_of_Timer1_Init              text36       002AB6
__end_of_USART_Init               text30       00249E
__end_of_USART_ReceiveChar        text5        002AC8
__end_of___altoft                 text33       002522
__end_of___asftadd                text16       0028D4
__end_of___asftmul                text15       002898
__end_of___asftsub                text13       00285C
__end_of___awdiv                  text24       002392
__end_of___awmod                  text23       00261C
__end_of___awtoft                 text26       002820
__end_of___ftadd                  text32       001A6E
__end_of___ftdiv                  text31       001D9E
__end_of___ftge                   text12       002302
__end_of___ftmul                  text27       001CA0
__end_of___ftneg                  text11       002A34
__end_of___ftpack                 text34       0021BA
__end_of___ftsub                  text14       0029B4
__end_of___fttol                  text41       001F72
__end_of___lldiv                  text10       002418
__end_of___llmod                  text9        002686
__end_of___lltoft                 text8        0026EA
__end_of___lwdiv                  text29       002796
__end_of___lwmod                  text7        0027DC
__end_of___wmul                   text22       002948
__end_of__div_to_l_               text17       001E92
__end_of__initialization          cinit        002A84
__end_of__npowers_                smallconst   00084F
__end_of__powers_                 smallconst   000876
__end_of__stringdata              smallconst   00088A
__end_of__tdiv_to_l_              text18       001B90
__end_of_dpowers                  smallconst   000828
__end_of_fround                   text21       0018A2
__end_of_isdigit                  text19       002A58
__end_of_lcd_gotoxy               text4        002740
__end_of_lcd_init                 text38       002272
__end_of_lcd_putc                 text2        00297E
__end_of_lcd_write_char           text3        00290E
__end_of_main                     text0        002048
__end_of_scale                    text20       001622
__end_of_sprintf                  text6        0011D2
__end_of_states_LED               text1        0029E4
__initialization                  cinit        002A78
__mediumconst                     mediumconst  000000
__npowers_                        smallconst   000828
__pbssBANK0                       bssBANK0     000096
__pcinit                          cinit        002A78
__pcstackBANK0                    cstackBANK0  000060
__pcstackCOMRAM                   cstackCOMRAM 000001
__powers_                         smallconst   00084F
__psmallconst                     smallconst   000800
__ptext0                          text0        001F72
__ptext1                          text1        0029B4
__ptext10                         text10       002392
__ptext11                         text11       002A0E
__ptext12                         text12       002272
__ptext13                         text13       002820
__ptext14                         text14       00297E
__ptext15                         text15       00285C
__ptext16                         text16       002898
__ptext17                         text17       001D9E
__ptext18                         text18       001A6E
__ptext19                         text19       002A34
__ptext2                          text2        002948
__ptext20                         text20       0011D2
__ptext21                         text21       001622
__ptext22                         text22       00290E
__ptext23                         text23       0025A0
__ptext24                         text24       002302
__ptext25                         text25       002048
__ptext26                         text26       0027DC
__ptext27                         text27       001B90
__ptext28                         text28       002522
__ptext29                         text29       002740
__ptext3                          text3        0028D4
__ptext30                         text30       002418
__ptext31                         text31       001CA0
__ptext32                         text32       0018A2
__ptext33                         text33       00249E
__ptext34                         text34       002102
__ptext35                         text35       002A8E
__ptext36                         text36       002AA2
__ptext37                         text37       002AC8
__ptext38                         text38       0021BA
__ptext39                         text39       002A58
__ptext4                          text4        0026EA
__ptext40                         text40       0029E4
__ptext41                         text41       001E92
__ptext5                          text5        002AB6
__ptext6                          text6        00088C
__ptext7                          text7        002796
__ptext8                          text8        002686
__ptext9                          text9        00261C
__ramtop                          ramtop       000800
__size_of_Configuracion_Registros (abs)        000000
__size_of_Init_AD                 (abs)        000000
__size_of_Lcd_Cmd                 (abs)        000000
__size_of_Lcd_Port                (abs)        000000
__size_of_Obtener_Distancia       (abs)        000000
__size_of_Read_LDR                (abs)        000000
__size_of_Timer1_Init             (abs)        000000
__size_of_USART_Init              (abs)        000000
__size_of_USART_ReceiveChar       (abs)        000000
__size_of___altoft                (abs)        000000
__size_of___asftadd               (abs)        000000
__size_of___asftmul               (abs)        000000
__size_of___asftsub               (abs)        000000
__size_of___awdiv                 (abs)        000000
__size_of___awmod                 (abs)        000000
__size_of___awtoft                (abs)        000000
__size_of___ftadd                 (abs)        000000
__size_of___ftdiv                 (abs)        000000
__size_of___ftge                  (abs)        000000
__size_of___ftmul                 (abs)        000000
__size_of___ftneg                 (abs)        000000
__size_of___ftpack                (abs)        000000
__size_of___ftsub                 (abs)        000000
__size_of___fttol                 (abs)        000000
__size_of___lldiv                 (abs)        000000
__size_of___llmod                 (abs)        000000
__size_of___lltoft                (abs)        000000
__size_of___lwdiv                 (abs)        000000
__size_of___lwmod                 (abs)        000000
__size_of___wmul                  (abs)        000000
__size_of__div_to_l_              (abs)        000000
__size_of__tdiv_to_l_             (abs)        000000
__size_of_fround                  (abs)        000000
__size_of_isdigit                 (abs)        000000
__size_of_lcd_gotoxy              (abs)        000000
__size_of_lcd_init                (abs)        000000
__size_of_lcd_putc                (abs)        000000
__size_of_lcd_write_char          (abs)        000000
__size_of_main                    (abs)        000000
__size_of_scale                   (abs)        000000
__size_of_sprintf                 (abs)        000000
__size_of_states_LED              (abs)        000000
__smallconst                      smallconst   000800
__stringdata                      smallconst   000876
__tdiv_to_l_                      text18       001A6E
__tdiv_to_l_@cntr                 cstackCOMRAM 000010
__tdiv_to_l_@exp1                 cstackCOMRAM 000011
__tdiv_to_l_@f1                   cstackCOMRAM 000001
__tdiv_to_l_@f2                   cstackCOMRAM 000004
__tdiv_to_l_@quot                 cstackCOMRAM 00000C
_dpowers                          smallconst   000800
_fround                           text21       001622
_fround$1209                      cstackCOMRAM 000043
_fround$1210                      cstackCOMRAM 000040
_isdigit                          text19       002A34
_isdigit$870                      cstackCOMRAM 000003
_lcd_gotoxy                       text4        0026EA
_lcd_init                         text38       0021BA
_lcd_putc                         text2        002948
_lcd_write_char                   text3        0028D4
_main                             text0        001F72
_scale                            text20       0011D2
_scale$1211                       cstackCOMRAM 000040
_sprintf                          text6        00088C
_sprintf$1212                     cstackBANK0  000072
_sprintf$595                      cstackBANK0  000075
_states_LED                       text1        0029B4
end_of_initialization             cinit        002A84
fround@prec                       cstackCOMRAM 000037
intlevel0                         text         000000
intlevel1                         text         000000
intlevel2                         text         000000
intlevel3                         text         000000
isdigit@c                         cstackCOMRAM 000001
lcd_gotoxy@a                      cstackCOMRAM 000004
lcd_gotoxy@b                      cstackCOMRAM 000005
lcd_gotoxy@temp                   cstackCOMRAM 000008
lcd_gotoxy@y                      cstackCOMRAM 000007
lcd_gotoxy@z                      cstackCOMRAM 000006
lcd_putc@a                        cstackCOMRAM 000005
lcd_putc@i                        cstackCOMRAM 000007
lcd_write_char@a                  cstackCOMRAM 000002
lcd_write_char@temp               cstackCOMRAM 000003
lcd_write_char@y                  cstackCOMRAM 000004
main@Distancia                    cstackBANK0  000090
main@LDR_value                    cstackBANK0  000092
main@esp_server_data              cstackBANK0  000095
scale@scl                         cstackCOMRAM 000037
sprintf@_val                      cstackBANK0  000086
sprintf@ap                        cstackBANK0  00007D
sprintf@c                         cstackBANK0  00008F
sprintf@exp                       cstackBANK0  000084
sprintf@f                         cstackBANK0  000067
sprintf@flag                      cstackBANK0  00007F
sprintf@fval                      cstackBANK0  00008C
sprintf@integ                     cstackBANK0  000081
sprintf@prec                      cstackBANK0  00008A
sprintf@sp                        cstackBANK0  000065
sprintf@vd                        cstackBANK0  000079
sprintf@vd_597                    cstackBANK0  00007B
start                             init         000000
start_initialization              cinit        002A78
states_LED@data                   cstackCOMRAM 000009


FUNCTION INFORMATION:

 *************** function _main *****************
 Defined at:
		line 58 in file "main.c"
 Parameters:    Size  Location     Type
		None
 Auto vars:     Size  Location     Type
  LDR_value       3   50[BANK0 ] float 
  Distancia       2   48[BANK0 ] unsigned int 
  esp_server_d    1   53[BANK0 ] unsigned char 
 Return value:  Size  Location     Type
		None               void
 Registers used:
		wreg, fsr1l, fsr1h, fsr2l, fsr2h, status,2, status,0, tblptrl, tblptrh, tblptru, prodl, prodh, cstack
 Tracked objects:
		On entry : 
		On exit  : 
		Unchanged: 
 Data sizes:     COMRAM   BANK0   BANK1   BANK2   BANK3   BANK4   BANK5   BANK6   BANK7
      Params:         0       0       0       0       0       0       0       0       0
      Locals:         0       6       0       0       0       0       0       0       0
      Temps:          2       0       0       0       0       0       0       0       0
      Totals:         2       6       0       0       0       0       0       0       0
Total ram usage:        8 bytes
 Hardware stack levels required when called:    5
 This function calls:
		_lcd_gotoxy
		_lcd_init
		_lcd_putc
		_Configuracion_Registros
		_Timer1_Init
		_Init_AD
		_USART_Init
		_Obtener_Distancia
		_Read_LDR
		_sprintf
		_USART_ReceiveChar
		_states_LED
 This function is called by:
		Startup code after reset
 This function uses a non-reentrant model


 *************** function _states_LED *****************
 Defined at:
		line 89 in file "main.c"
 Parameters:    Size  Location     Type
  data            1    8[COMRAM] unsigned char 
 Auto vars:     Size  Location     Type
		None
 Return value:  Size  Location     Type
		None               void
 Registers used:
		wreg, fsr2l, fsr2h, status,2, status,0, cstack
 Tracked objects:
		On entry : 
		On exit  : 
		Unchanged: 
 Data sizes:     COMRAM   BANK0   BANK1   BANK2   BANK3   BANK4   BANK5   BANK6   BANK7
      Params:         1       0       0       0       0       0       0       0       0
      Locals:         0       0       0       0       0       0       0       0       0
      Temps:          2       0       0       0       0       0       0       0       0
      Totals:         3       0       0       0       0       0       0       0       0
Total ram usage:        3 bytes
 Hardware stack levels used:    1
 Hardware stack levels required when called:    3
 This function calls:
		_lcd_gotoxy
		_lcd_putc
 This function is called by:
		_main
 This function uses a non-reentrant model


 *************** function _lcd_putc *****************
 Defined at:
		line 135 in file "lcd.h"
 Parameters:    Size  Location     Type
  a               2    4[COMRAM] PTR unsigned char 
		 -> LCD_Buffer(32), 
 Auto vars:     Size  Location     Type
  i               2    6[COMRAM] int 
 Return value:  Size  Location     Type
		None               void
 Registers used:
		wreg, fsr2l, fsr2h, status,2, status,0, cstack
 Tracked objects:
		On entry : 
		On exit  : 
		Unchanged: 
 Data sizes:     COMRAM   BANK0   BANK1   BANK2   BANK3   BANK4   BANK5   BANK6   BANK7
      Params:         2       0       0       0       0       0       0       0       0
      Locals:         2       0       0       0       0       0       0       0       0
      Temps:          0       0       0       0       0       0       0       0       0
      Totals:         4       0       0       0       0       0       0       0       0
Total ram usage:        4 bytes
 Hardware stack levels used:    1
 Hardware stack levels required when called:    2
 This function calls:
		_lcd_write_char
 This function is called by:
		_main
		_states_LED
 This function uses a non-reentrant model


 *************** function _lcd_write_char *****************
 Defined at:
		line 117 in file "lcd.h"
 Parameters:    Size  Location     Type
  a               1    1[COMRAM] unsigned char 
 Auto vars:     Size  Location     Type
  y               1    3[COMRAM] unsigned char 
  temp            1    2[COMRAM] unsigned char 
 Return value:  Size  Location     Type
		None               void
 Registers used:
		wreg, status,2, status,0, cstack
 Tracked objects:
		On entry : 
		On exit  : 
		Unchanged: 
 Data sizes:     COMRAM   BANK0   BANK1   BANK2   BANK3   BANK4   BANK5   BANK6   BANK7
      Params:         1       0       0       0       0       0       0       0       0
      Locals:         2       0       0       0       0       0       0       0       0
      Temps:          0       0       0       0       0       0       0       0       0
      Totals:         3       0       0       0       0       0       0       0       0
Total ram usage:        3 bytes
 Hardware stack levels used:    1
 Hardware stack levels required when called:    1
 This function calls:
		_Lcd_Port
 This function is called by:
		_lcd_putc
 This function uses a non-reentrant model


 *************** function _lcd_gotoxy *****************
 Defined at:
		line 72 in file "lcd.h"
 Parameters:    Size  Location     Type
  a               1    3[COMRAM] unsigned char 
  b               1    4[COMRAM] unsigned char 
 Auto vars:     Size  Location     Type
  temp            1    7[COMRAM] unsigned char 
  y               1    6[COMRAM] unsigned char 
  z               1    5[COMRAM] unsigned char 
 Return value:  Size  Location     Type
		None               void
 Registers used:
		wreg, status,2, status,0, cstack
 Tracked objects:
		On entry : 
		On exit  : 
		Unchanged: 
 Data sizes:     COMRAM   BANK0   BANK1   BANK2   BANK3   BANK4   BANK5   BANK6   BANK7
      Params:         2       0       0       0       0       0       0       0       0
      Locals:         3       0       0       0       0       0       0       0       0
      Temps:          0       0       0       0       0       0       0       0       0
      Totals:         5       0       0       0       0       0       0       0       0
Total ram usage:        5 bytes
 Hardware stack levels used:    1
 Hardware stack levels required when called:    2
 This function calls:
		_Lcd_Cmd
 This function is called by:
		_main
		_states_LED
 This function uses a non-reentrant model


 *************** function _USART_ReceiveChar *****************
 Defined at:
		line 122 in file "main.c"
 Parameters:    Size  Location     Type
		None
 Auto vars:     Size  Location     Type
		None
 Return value:  Size  Location     Type
                  1    wreg      unsigned char 
 Registers used:
		wreg, status,2
 Tracked objects:
		On entry : 
		On exit  : 
		Unchanged: 
 Data sizes:     COMRAM   BANK0   BANK1   BANK2   BANK3   BANK4   BANK5   BANK6   BANK7
      Params:         0       0       0       0       0       0       0       0       0
      Locals:         0       0       0       0       0       0       0       0       0
      Temps:          0       0       0       0       0       0       0       0       0
      Totals:         0       0       0       0       0       0       0       0       0
Total ram usage:        0 bytes
 Hardware stack levels used:    1
 This function calls:
		Nothing
 This function is called by:
		_main
 This function uses a non-reentrant model


 *************** function _sprintf *****************
 Defined at:
		line 493 in file "C:\Program Files (x86)\Microchip\xc8\v1.20\sources\common\doprnt.c"
 Parameters:    Size  Location     Type
  sp              2    5[BANK0 ] PTR unsigned char 
		 -> LCD_Buffer(32), 
  f               2    7[BANK0 ] PTR const unsigned char 
		 -> STR_2(10), STR_1(10), 
 Auto vars:     Size  Location     Type
  vd              2   25[BANK0 ] unsigned int 
  vd              2   27[BANK0 ] unsigned int 
  _val            4   38[BANK0 ] struct .
  fval            3   44[BANK0 ] struct .
  integ           3   33[BANK0 ] struct .
  ival            3    0        struct .
  prec            2   42[BANK0 ] int 
  exp             2   36[BANK0 ] int 
  flag            2   31[BANK0 ] unsigned short 
  ap              2   29[BANK0 ] PTR void [1]
		 -> ?_sprintf(2), 
  width           2    0        int 
  c               1   47[BANK0 ] char 
  d               1    0        unsigned char 
 Return value:  Size  Location     Type
                  2    5[BANK0 ] int 
 Registers used:
		wreg, fsr1l, fsr1h, fsr2l, fsr2h, status,2, status,0, tblptrl, tblptrh, tblptru, prodl, prodh, cstack
 Tracked objects:
		On entry : 
		On exit  : 
		Unchanged: 
 Data sizes:     COMRAM   BANK0   BANK1   BANK2   BANK3   BANK4   BANK5   BANK6   BANK7
      Params:         0       7       0       0       0       0       0       0       0
      Locals:         0      30       0       0       0       0       0       0       0
      Temps:          0       6       0       0       0       0       0       0       0
      Totals:         0      43       0       0       0       0       0       0       0
Total ram usage:       43 bytes
 Hardware stack levels used:    1
 Hardware stack levels required when called:    4
 This function calls:
		_fround
		_scale
		_isdigit
		__tdiv_to_l_
		__div_to_l_
		___asftadd
		___asftmul
		___ftmul
		___asftsub
		___awdiv
		___ftge
		___ftneg
		___fttol
		___lldiv
		___llmod
		___lltoft
		___lwmod
		___wmul
 This function is called by:
		_main
 This function uses a non-reentrant model


 *************** function ___lwmod *****************
 Defined at:
		line 10 in file "C:\Program Files (x86)\Microchip\xc8\v1.20\sources\common\lwmod.c"
 Parameters:    Size  Location     Type
  dividend        2    0[COMRAM] unsigned int 
  divisor         2    2[COMRAM] unsigned int 
 Auto vars:     Size  Location     Type
  counter         1    5[COMRAM] unsigned char 
 Return value:  Size  Location     Type
                  2    0[COMRAM] unsigned int 
 Registers used:
		wreg, status,2, status,0
 Tracked objects:
		On entry : 
		On exit  : 
		Unchanged: 
 Data sizes:     COMRAM   BANK0   BANK1   BANK2   BANK3   BANK4   BANK5   BANK6   BANK7
      Params:         4       0       0       0       0       0       0       0       0
      Locals:         1       0       0       0       0       0       0       0       0
      Temps:          1       0       0       0       0       0       0       0       0
      Totals:         6       0       0       0       0       0       0       0       0
Total ram usage:        6 bytes
 Hardware stack levels used:    1
 This function calls:
		Nothing
 This function is called by:
		_sprintf
 This function uses a non-reentrant model


 *************** function ___lltoft *****************
 Defined at:
		line 36 in file "C:\Program Files (x86)\Microchip\xc8\v1.20\sources\common\lltoft.c"
 Parameters:    Size  Location     Type
  c               4    8[COMRAM] unsigned long 
 Auto vars:     Size  Location     Type
  exp             1   16[COMRAM] unsigned char 
 Return value:  Size  Location     Type
                  3    8[COMRAM] float 
 Registers used:
		wreg, status,2, status,0, cstack
 Tracked objects:
		On entry : 
		On exit  : 
		Unchanged: 
 Data sizes:     COMRAM   BANK0   BANK1   BANK2   BANK3   BANK4   BANK5   BANK6   BANK7
      Params:         4       0       0       0       0       0       0       0       0
      Locals:         1       0       0       0       0       0       0       0       0
      Temps:          4       0       0       0       0       0       0       0       0
      Totals:         9       0       0       0       0       0       0       0       0
Total ram usage:        9 bytes
 Hardware stack levels used:    1
 Hardware stack levels required when called:    1
 This function calls:
		___ftpack
 This function is called by:
		_sprintf
 This function uses a non-reentrant model


 *************** function ___llmod *****************
 Defined at:
		line 10 in file "C:\Program Files (x86)\Microchip\xc8\v1.20\sources\common\llmod.c"
 Parameters:    Size  Location     Type
  dividend        4    0[COMRAM] unsigned long 
  divisor         4    4[COMRAM] unsigned long 
 Auto vars:     Size  Location     Type
  counter         1    9[COMRAM] unsigned char 
 Return value:  Size  Location     Type
                  4    0[COMRAM] unsigned long 
 Registers used:
		wreg, status,2, status,0
 Tracked objects:
		On entry : 
		On exit  : 
		Unchanged: 
 Data sizes:     COMRAM   BANK0   BANK1   BANK2   BANK3   BANK4   BANK5   BANK6   BANK7
      Params:         8       0       0       0       0       0       0       0       0
      Locals:         1       0       0       0       0       0       0       0       0
      Temps:          1       0       0       0       0       0       0       0       0
      Totals:        10       0       0       0       0       0       0       0       0
Total ram usage:       10 bytes
 Hardware stack levels used:    1
 This function calls:
		Nothing
 This function is called by:
		_sprintf
 This function uses a non-reentrant model


 *************** function ___lldiv *****************
 Defined at:
		line 10 in file "C:\Program Files (x86)\Microchip\xc8\v1.20\sources\common\lldiv.c"
 Parameters:    Size  Location     Type
  dividend        4    0[COMRAM] unsigned long 
  divisor         4    4[COMRAM] unsigned long 
 Auto vars:     Size  Location     Type
  quotient        4    9[COMRAM] unsigned long 
  counter         1   13[COMRAM] unsigned char 
 Return value:  Size  Location     Type
                  4    0[COMRAM] unsigned long 
 Registers used:
		wreg, status,2, status,0
 Tracked objects:
		On entry : 
		On exit  : 
		Unchanged: 
 Data sizes:     COMRAM   BANK0   BANK1   BANK2   BANK3   BANK4   BANK5   BANK6   BANK7
      Params:         8       0       0       0       0       0       0       0       0
      Locals:         5       0       0       0       0       0       0       0       0
      Temps:          1       0       0       0       0       0       0       0       0
      Totals:        14       0       0       0       0       0       0       0       0
Total ram usage:       14 bytes
 Hardware stack levels used:    1
 This function calls:
		Nothing
 This function is called by:
		_sprintf
 This function uses a non-reentrant model


 *************** function ___ftneg *****************
 Defined at:
		line 16 in file "C:\Program Files (x86)\Microchip\xc8\v1.20\sources\common\ftneg.c"
 Parameters:    Size  Location     Type
  f1              3    0[COMRAM] float 
 Auto vars:     Size  Location     Type
		None
 Return value:  Size  Location     Type
                  3    0[COMRAM] float 
 Registers used:
		wreg, status,2, status,0
 Tracked objects:
		On entry : 
		On exit  : 
		Unchanged: 
 Data sizes:     COMRAM   BANK0   BANK1   BANK2   BANK3   BANK4   BANK5   BANK6   BANK7
      Params:         3       0       0       0       0       0       0       0       0
      Locals:         0       0       0       0       0       0       0       0       0
      Temps:          0       0       0       0       0       0       0       0       0
      Totals:         3       0       0       0       0       0       0       0       0
Total ram usage:        3 bytes
 Hardware stack levels used:    1
 This function calls:
		Nothing
 This function is called by:
		_sprintf
 This function uses a non-reentrant model


 *************** function ___ftge *****************
 Defined at:
		line 5 in file "C:\Program Files (x86)\Microchip\xc8\v1.20\sources\common\ftge.c"
 Parameters:    Size  Location     Type
  ff1             3    0[COMRAM] float 
  ff2             3    3[COMRAM] float 
 Auto vars:     Size  Location     Type
		None
 Return value:  Size  Location     Type
		None               void
 Registers used:
		wreg, status,2, status,0
 Tracked objects:
		On entry : 
		On exit  : 
		Unchanged: 
 Data sizes:     COMRAM   BANK0   BANK1   BANK2   BANK3   BANK4   BANK5   BANK6   BANK7
      Params:         6       0       0       0       0       0       0       0       0
      Locals:         0       0       0       0       0       0       0       0       0
      Temps:          3       0       0       0       0       0       0       0       0
      Totals:         9       0       0       0       0       0       0       0       0
Total ram usage:        9 bytes
 Hardware stack levels used:    1
 This function calls:
		Nothing
 This function is called by:
		_sprintf
 This function uses a non-reentrant model


 *************** function ___asftsub *****************
 Defined at:
		line 5 in file "C:\Program Files (x86)\Microchip\xc8\v1.20\sources\pic18\asftsub.c"
 Parameters:    Size  Location     Type
  f1p             2    0[BANK0 ] PTR float 
		 -> sprintf@fval(3), 
  f2              3    2[BANK0 ] float 
 Auto vars:     Size  Location     Type
		None
 Return value:  Size  Location     Type
                  3    0[BANK0 ] float 
 Registers used:
		wreg, fsr2l, fsr2h, status,2, status,0, cstack
 Tracked objects:
		On entry : 
		On exit  : 
		Unchanged: 
 Data sizes:     COMRAM   BANK0   BANK1   BANK2   BANK3   BANK4   BANK5   BANK6   BANK7
      Params:         0       5       0       0       0       0       0       0       0
      Locals:         0       0       0       0       0       0       0       0       0
      Temps:          0       0       0       0       0       0       0       0       0
      Totals:         0       5       0       0       0       0       0       0       0
Total ram usage:        5 bytes
 Hardware stack levels used:    1
 Hardware stack levels required when called:    3
 This function calls:
		___ftsub
 This function is called by:
		_sprintf
 This function uses a non-reentrant model


 *************** function ___ftsub *****************
 Defined at:
		line 22 in file "C:\Program Files (x86)\Microchip\xc8\v1.20\sources\common\ftsub.c"
 Parameters:    Size  Location     Type
  f1              3   85[COMRAM] float 
  f2              3   88[COMRAM] float 
 Auto vars:     Size  Location     Type
		None
 Return value:  Size  Location     Type
                  3   85[COMRAM] float 
 Registers used:
		wreg, status,2, status,0, cstack
 Tracked objects:
		On entry : 
		On exit  : 
		Unchanged: 
 Data sizes:     COMRAM   BANK0   BANK1   BANK2   BANK3   BANK4   BANK5   BANK6   BANK7
      Params:         6       0       0       0       0       0       0       0       0
      Locals:         0       0       0       0       0       0       0       0       0
      Temps:          0       0       0       0       0       0       0       0       0
      Totals:         6       0       0       0       0       0       0       0       0
Total ram usage:        6 bytes
 Hardware stack levels used:    1
 Hardware stack levels required when called:    2
 This function calls:
		___ftadd
 This function is called by:
		___asftsub
 This function uses a non-reentrant model


 *************** function ___asftmul *****************
 Defined at:
		line 5 in file "C:\Program Files (x86)\Microchip\xc8\v1.20\sources\pic18\asftmul.c"
 Parameters:    Size  Location     Type
  f1p             2   54[COMRAM] PTR float 
		 -> sprintf@integ(3), 
  f2              3   56[COMRAM] float 
 Auto vars:     Size  Location     Type
		None
 Return value:  Size  Location     Type
                  3   54[COMRAM] float 
 Registers used:
		wreg, fsr2l, fsr2h, status,2, status,0, cstack
 Tracked objects:
		On entry : 
		On exit  : 
		Unchanged: 
 Data sizes:     COMRAM   BANK0   BANK1   BANK2   BANK3   BANK4   BANK5   BANK6   BANK7
      Params:         5       0       0       0       0       0       0       0       0
      Locals:         0       0       0       0       0       0       0       0       0
      Temps:          0       0       0       0       0       0       0       0       0
      Totals:         5       0       0       0       0       0       0       0       0
Total ram usage:        5 bytes
 Hardware stack levels used:    1
 Hardware stack levels required when called:    2
 This function calls:
		___ftmul
 This function is called by:
		_sprintf
 This function uses a non-reentrant model


 *************** function ___asftadd *****************
 Defined at:
		line 5 in file "C:\Program Files (x86)\Microchip\xc8\v1.20\sources\pic18\asftadd.c"
 Parameters:    Size  Location     Type
  f1p             2   85[COMRAM] PTR float 
		 -> sprintf@fval(3), 
  f2              3   87[COMRAM] float 
 Auto vars:     Size  Location     Type
		None
 Return value:  Size  Location     Type
                  3   85[COMRAM] float 
 Registers used:
		wreg, fsr2l, fsr2h, status,2, status,0, cstack
 Tracked objects:
		On entry : 
		On exit  : 
		Unchanged: 
 Data sizes:     COMRAM   BANK0   BANK1   BANK2   BANK3   BANK4   BANK5   BANK6   BANK7
      Params:         5       0       0       0       0       0       0       0       0
      Locals:         0       0       0       0       0       0       0       0       0
      Temps:          0       0       0       0       0       0       0       0       0
      Totals:         5       0       0       0       0       0       0       0       0
Total ram usage:        5 bytes
 Hardware stack levels used:    1
 Hardware stack levels required when called:    2
 This function calls:
		___ftadd
 This function is called by:
		_sprintf
 This function uses a non-reentrant model


 *************** function __div_to_l_ *****************
 Defined at:
		line 61 in file "C:\Program Files (x86)\Microchip\xc8\v1.20\sources\common\fldivl.c"
 Parameters:    Size  Location     Type
  f1              3    0[COMRAM] float 
  f2              3    3[COMRAM] float 
 Auto vars:     Size  Location     Type
  quot            4    7[COMRAM] unsigned long 
  exp1            1   12[COMRAM] unsigned char 
  cntr            1   11[COMRAM] unsigned char 
 Return value:  Size  Location     Type
                  4    0[COMRAM] unsigned long 
 Registers used:
		wreg, status,2, status,0
 Tracked objects:
		On entry : 
		On exit  : 
		Unchanged: 
 Data sizes:     COMRAM   BANK0   BANK1   BANK2   BANK3   BANK4   BANK5   BANK6   BANK7
      Params:         6       0       0       0       0       0       0       0       0
      Locals:         6       0       0       0       0       0       0       0       0
      Temps:          1       0       0       0       0       0       0       0       0
      Totals:        13       0       0       0       0       0       0       0       0
Total ram usage:       13 bytes
 Hardware stack levels used:    1
 This function calls:
		Nothing
 This function is called by:
		_sprintf
 This function uses a non-reentrant model


 *************** function __tdiv_to_l_ *****************
 Defined at:
		line 61 in file "C:\Program Files (x86)\Microchip\xc8\v1.20\sources\common\ftdivl.c"
 Parameters:    Size  Location     Type
  f1              3    0[COMRAM] float 
  f2              3    3[COMRAM] float 
 Auto vars:     Size  Location     Type
  quot            4   11[COMRAM] unsigned long 
  exp1            1   16[COMRAM] unsigned char 
  cntr            1   15[COMRAM] unsigned char 
 Return value:  Size  Location     Type
                  4    0[COMRAM] unsigned long 
 Registers used:
		wreg, status,2, status,0
 Tracked objects:
		On entry : 
		On exit  : 
		Unchanged: 
 Data sizes:     COMRAM   BANK0   BANK1   BANK2   BANK3   BANK4   BANK5   BANK6   BANK7
      Params:         6       0       0       0       0       0       0       0       0
      Locals:         6       0       0       0       0       0       0       0       0
      Temps:          5       0       0       0       0       0       0       0       0
      Totals:        17       0       0       0       0       0       0       0       0
Total ram usage:       17 bytes
 Hardware stack levels used:    1
 This function calls:
		Nothing
 This function is called by:
		_sprintf
 This function uses a non-reentrant model


 *************** function _isdigit *****************
 Defined at:
		line 13 in file "C:\Program Files (x86)\Microchip\xc8\v1.20\sources\common\isdigit.c"
 Parameters:    Size  Location     Type
  c               1    0[COMRAM] unsigned char 
 Auto vars:     Size  Location     Type
		None
 Return value:  Size  Location     Type
		None               void
 Registers used:
		wreg, status,2, status,0
 Tracked objects:
		On entry : 
		On exit  : 
		Unchanged: 
 Data sizes:     COMRAM   BANK0   BANK1   BANK2   BANK3   BANK4   BANK5   BANK6   BANK7
      Params:         1       0       0       0       0       0       0       0       0
      Locals:         1       0       0       0       0       0       0       0       0
      Temps:          1       0       0       0       0       0       0       0       0
      Totals:         3       0       0       0       0       0       0       0       0
Total ram usage:        3 bytes
 Hardware stack levels used:    1
 This function calls:
		Nothing
 This function is called by:
		_sprintf
 This function uses a non-reentrant model


 *************** function _scale *****************
 Defined at:
		line 426 in file "C:\Program Files (x86)\Microchip\xc8\v1.20\sources\common\doprnt.c"
 Parameters:    Size  Location     Type
  scl             1   54[COMRAM] char 
 Auto vars:     Size  Location     Type
		None
 Return value:  Size  Location     Type
                  3   54[COMRAM] char 
 Registers used:
		wreg, status,2, status,0, tblptrl, tblptrh, tblptru, prodl, prodh, cstack
 Tracked objects:
		On entry : 
		On exit  : 
		Unchanged: 
 Data sizes:     COMRAM   BANK0   BANK1   BANK2   BANK3   BANK4   BANK5   BANK6   BANK7
      Params:         3       0       0       0       0       0       0       0       0
      Locals:         3       0       0       0       0       0       0       0       0
      Temps:          6       0       0       0       0       0       0       0       0
      Totals:        12       0       0       0       0       0       0       0       0
Total ram usage:       12 bytes
 Hardware stack levels used:    1
 Hardware stack levels required when called:    2
 This function calls:
		___ftmul
		___awdiv
		___awmod
		___wmul
 This function is called by:
		_sprintf
 This function uses a non-reentrant model


 *************** function _fround *****************
 Defined at:
		line 410 in file "C:\Program Files (x86)\Microchip\xc8\v1.20\sources\common\doprnt.c"
 Parameters:    Size  Location     Type
  prec            1   54[COMRAM] unsigned char 
 Auto vars:     Size  Location     Type
		None
 Return value:  Size  Location     Type
                  3   54[COMRAM] unsigned char 
 Registers used:
		wreg, status,2, status,0, tblptrl, tblptrh, tblptru, prodl, prodh, cstack
 Tracked objects:
		On entry : 
		On exit  : 
		Unchanged: 
 Data sizes:     COMRAM   BANK0   BANK1   BANK2   BANK3   BANK4   BANK5   BANK6   BANK7
      Params:         3       0       0       0       0       0       0       0       0
      Locals:         6       0       0       0       0       0       0       0       0
      Temps:          6       0       0       0       0       0       0       0       0
      Totals:        15       0       0       0       0       0       0       0       0
Total ram usage:       15 bytes
 Hardware stack levels used:    1
 Hardware stack levels required when called:    2
 This function calls:
		___ftmul
		___awdiv
		___awmod
		___wmul
 This function is called by:
		_sprintf
 This function uses a non-reentrant model


 *************** function ___wmul *****************
 Defined at:
		line 5 in file "C:\Program Files (x86)\Microchip\xc8\v1.20\sources\common\wmul.c"
 Parameters:    Size  Location     Type
  multiplier      2   16[COMRAM] unsigned int 
  multiplicand    2   18[COMRAM] unsigned int 
 Auto vars:     Size  Location     Type
  product         2   20[COMRAM] unsigned int 
 Return value:  Size  Location     Type
                  2   16[COMRAM] unsigned int 
 Registers used:
		wreg, status,2, status,0, prodl, prodh
 Tracked objects:
		On entry : 
		On exit  : 
		Unchanged: 
 Data sizes:     COMRAM   BANK0   BANK1   BANK2   BANK3   BANK4   BANK5   BANK6   BANK7
      Params:         4       0       0       0       0       0       0       0       0
      Locals:         2       0       0       0       0       0       0       0       0
      Temps:          0       0       0       0       0       0       0       0       0
      Totals:         6       0       0       0       0       0       0       0       0
Total ram usage:        6 bytes
 Hardware stack levels used:    1
 This function calls:
		Nothing
 This function is called by:
		_fround
		_scale
		_sprintf
 This function uses a non-reentrant model


 *************** function ___awmod *****************
 Defined at:
		line 10 in file "C:\Program Files (x86)\Microchip\xc8\v1.20\sources\common\awmod.c"
 Parameters:    Size  Location     Type
  dividend        2    0[COMRAM] int 
  divisor         2    2[COMRAM] int 
 Auto vars:     Size  Location     Type
  sign            1    6[COMRAM] unsigned char 
  counter         1    5[COMRAM] unsigned char 
 Return value:  Size  Location     Type
                  2    0[COMRAM] int 
 Registers used:
		wreg, status,2, status,0
 Tracked objects:
		On entry : 
		On exit  : 
		Unchanged: 
 Data sizes:     COMRAM   BANK0   BANK1   BANK2   BANK3   BANK4   BANK5   BANK6   BANK7
      Params:         4       0       0       0       0       0       0       0       0
      Locals:         2       0       0       0       0       0       0       0       0
      Temps:          1       0       0       0       0       0       0       0       0
      Totals:         7       0       0       0       0       0       0       0       0
Total ram usage:        7 bytes
 Hardware stack levels used:    1
 This function calls:
		Nothing
 This function is called by:
		_fround
		_scale
 This function uses a non-reentrant model


 *************** function ___awdiv *****************
 Defined at:
		line 10 in file "C:\Program Files (x86)\Microchip\xc8\v1.20\sources\common\awdiv.c"
 Parameters:    Size  Location     Type
  dividend        2    7[COMRAM] int 
  divisor         2    9[COMRAM] int 
 Auto vars:     Size  Location     Type
  quotient        2   14[COMRAM] int 
  sign            1   13[COMRAM] unsigned char 
  counter         1   12[COMRAM] unsigned char 
 Return value:  Size  Location     Type
                  2    7[COMRAM] int 
 Registers used:
		wreg, status,2, status,0
 Tracked objects:
		On entry : 
		On exit  : 
		Unchanged: 
 Data sizes:     COMRAM   BANK0   BANK1   BANK2   BANK3   BANK4   BANK5   BANK6   BANK7
      Params:         4       0       0       0       0       0       0       0       0
      Locals:         4       0       0       0       0       0       0       0       0
      Temps:          1       0       0       0       0       0       0       0       0
      Totals:         9       0       0       0       0       0       0       0       0
Total ram usage:        9 bytes
 Hardware stack levels used:    1
 This function calls:
		Nothing
 This function is called by:
		_fround
		_scale
		_sprintf
 This function uses a non-reentrant model


 *************** function _Read_LDR *****************
 Defined at:
		line 198 in file "main.c"
 Parameters:    Size  Location     Type
		None
 Auto vars:     Size  Location     Type
  analog_readi    3   78[COMRAM] float 
 Return value:  Size  Location     Type
                  3   71[COMRAM] float 
 Registers used:
		wreg, status,2, status,0, cstack
 Tracked objects:
		On entry : 
		On exit  : 
		Unchanged: 
 Data sizes:     COMRAM   BANK0   BANK1   BANK2   BANK3   BANK4   BANK5   BANK6   BANK7
      Params:         3       0       0       0       0       0       0       0       0
      Locals:         3       0       0       0       0       0       0       0       0
      Temps:          4       0       0       0       0       0       0       0       0
      Totals:        10       0       0       0       0       0       0       0       0
Total ram usage:       10 bytes
 Hardware stack levels used:    1
 Hardware stack levels required when called:    2
 This function calls:
		___ftdiv
		___ftmul
		___awtoft
 This function is called by:
		_main
 This function uses a non-reentrant model


 *************** function ___awtoft *****************
 Defined at:
		line 33 in file "C:\Program Files (x86)\Microchip\xc8\v1.20\sources\common\awtoft.c"
 Parameters:    Size  Location     Type
  c               2    8[COMRAM] int 
 Auto vars:     Size  Location     Type
  sign            1   12[COMRAM] unsigned char 
 Return value:  Size  Location     Type
                  3    8[COMRAM] float 
 Registers used:
		wreg, status,2, status,0, cstack
 Tracked objects:
		On entry : 
		On exit  : 
		Unchanged: 
 Data sizes:     COMRAM   BANK0   BANK1   BANK2   BANK3   BANK4   BANK5   BANK6   BANK7
      Params:         3       0       0       0       0       0       0       0       0
      Locals:         1       0       0       0       0       0       0       0       0
      Temps:          1       0       0       0       0       0       0       0       0
      Totals:         5       0       0       0       0       0       0       0       0
[...]
 Defined at:
		line 101 in file "main.c"
 Parameters:    Size  Location     Type
		None
 Auto vars:     Size  Location     Type
  baud_rate       4   85[COMRAM] long 
  temp            3   89[COMRAM] float 
 Return value:  Size  Location     Type
		None               void
 Registers used:
		wreg, status,2, status,0, cstack
 Tracked objects:
		On entry : 
		On exit  : 
		Unchanged: 
 Data sizes:     COMRAM   BANK0   BANK1   BANK2   BANK3   BANK4   BANK5   BANK6   BANK7
      Params:         0       0       0       0       0       0       0       0       0
      Locals:         7       0       0       0       0       0       0       0       0
      Temps:          0       0       0       0       0       0       0       0       0
      Totals:         7       0       0       0       0       0       0       0       0
Total ram usage:        7 bytes
 Hardware stack levels used:    1
 Hardware stack levels required when called:    2
 This function calls:
		___altoft
		___ftadd
		___ftdiv
		___fttol
 This function is called by:
		_main
 This function uses a non-reentrant model


 *************** function ___ftdiv *****************
 Defined at:
		line 50 in file "C:\Program Files (x86)\Microchip\xc8\v1.20\sources\common\ftdiv.c"
 Parameters:    Size  Location     Type
  f1              3   54[COMRAM] float 
  f2              3   57[COMRAM] float 
 Auto vars:     Size  Location     Type
  f3              3   66[COMRAM] float 
  sign            1   70[COMRAM] unsigned char 
  exp             1   69[COMRAM] unsigned char 
  cntr            1   65[COMRAM] unsigned char 
 Return value:  Size  Location     Type
                  3   54[COMRAM] float 
 Registers used:
		wreg, status,2, status,0, cstack
 Tracked objects:
		On entry : 
		On exit  : 
		Unchanged: 
 Data sizes:     COMRAM   BANK0   BANK1   BANK2   BANK3   BANK4   BANK5   BANK6   BANK7
      Params:         6       0       0       0       0       0       0       0       0
      Locals:         6       0       0       0       0       0       0       0       0
      Temps:          5       0       0       0       0       0       0       0       0
      Totals:        17       0       0       0       0       0       0       0       0
Total ram usage:       17 bytes
 Hardware stack levels used:    1
 Hardware stack levels required when called:    1
 This function calls:
		___ftpack
 This function is called by:
		_USART_Init
		_Read_LDR
 This function uses a non-reentrant model


 *************** function ___ftadd *****************
 Defined at:
		line 87 in file "C:\Program Files (x86)\Microchip\xc8\v1.20\sources\common\ftadd.c"
 Parameters:    Size  Location     Type
  f1              3   71[COMRAM] float 
  f2              3   74[COMRAM] float 
 Auto vars:     Size  Location     Type
  exp1            1   84[COMRAM] unsigned char 
  exp2            1   83[COMRAM] unsigned char 
  sign            1   82[COMRAM] unsigned char 
 Return value:  Size  Location     Type
                  3   71[COMRAM] float 
 Registers used:
		wreg, status,2, status,0, cstack
 Tracked objects:
		On entry : 
		On exit  : 
		Unchanged: 
 Data sizes:     COMRAM   BANK0   BANK1   BANK2   BANK3   BANK4   BANK5   BANK6   BANK7
      Params:         6       0       0       0       0       0       0       0       0
      Locals:         3       0       0       0       0       0       0       0       0
      Temps:          5       0       0       0       0       0       0       0       0
      Totals:        14       0       0       0       0       0       0       0       0
Total ram usage:       14 bytes
 Hardware stack levels used:    1
 Hardware stack levels required when called:    1
 This function calls:
		___ftpack
 This function is called by:
		_USART_Init
		___asftadd
		___ftsub
 This function uses a non-reentrant model


 *************** function ___altoft *****************
 Defined at:
		line 43 in file "C:\Program Files (x86)\Microchip\xc8\v1.20\sources\common\altoft.c"
 Parameters:    Size  Location     Type
  c               4    8[COMRAM] long 
 Auto vars:     Size  Location     Type
  sign            1   17[COMRAM] unsigned char 
  exp             1   16[COMRAM] unsigned char 
 Return value:  Size  Location     Type
                  3    8[COMRAM] float 
 Registers used:
		wreg, status,2, status,0, cstack
 Tracked objects:
		On entry : 
		On exit  : 
		Unchanged: 
 Data sizes:     COMRAM   BANK0   BANK1   BANK2   BANK3   BANK4   BANK5   BANK6   BANK7
      Params:         4       0       0       0       0       0       0       0       0
      Locals:         2       0       0       0       0       0       0       0       0
      Temps:          4       0       0       0       0       0       0       0       0
      Totals:        10       0       0       0       0       0       0       0       0
Total ram usage:       10 bytes
 Hardware stack levels used:    1
 Hardware stack levels required when called:    1
 This function calls:
		___ftpack
 This function is called by:
		_USART_Init
 This function uses a non-reentrant model


 *************** function ___ftpack *****************
 Defined at:
		line 63 in file "C:\Program Files (x86)\Microchip\xc8\v1.20\sources\common\float.c"
 Parameters:    Size  Location     Type
  arg             3    0[COMRAM] unsigned um
  exp             1    3[COMRAM] unsigned char 
  sign            1    4[COMRAM] unsigned char 
 Auto vars:     Size  Location     Type
		None
 Return value:  Size  Location     Type
                  3    0[COMRAM] float 
 Registers used:
		wreg, status,2, status,0
 Tracked objects:
		On entry : 
		On exit  : 
		Unchanged: 
 Data sizes:     COMRAM   BANK0   BANK1   BANK2   BANK3   BANK4   BANK5   BANK6   BANK7
      Params:         5       0       0       0       0       0       0       0       0
      Locals:         0       0       0       0       0       0       0       0       0
      Temps:          3       0       0       0       0       0       0       0       0
      Totals:         8       0       0       0       0       0       0       0       0
Total ram usage:        8 bytes
 Hardware stack levels used:    1
 This function calls:
		Nothing
 This function is called by:
		___altoft
		___awtoft
		___ftadd
		___ftdiv
		___ftmul
		___lltoft
 This function uses a non-reentrant model


 *************** function _Init_AD *****************
 Defined at:
		line 190 in file "main.c"
 Parameters:    Size  Location     Type
		None
 Auto vars:     Size  Location     Type
		None
 Return value:  Size  Location     Type
		None               void
 Registers used:
		wreg, status,2
 Tracked objects:
		On entry : 
		On exit  : 
		Unchanged: 
 Data sizes:     COMRAM   BANK0   BANK1   BANK2   BANK3   BANK4   BANK5   BANK6   BANK7
      Params:         0       0       0       0       0       0       0       0       0
      Locals:         0       0       0       0       0       0       0       0       0
      Temps:          0       0       0       0       0       0       0       0       0
      Totals:         0       0       0       0       0       0       0       0       0
Total ram usage:        0 bytes
 Hardware stack levels used:    1
 This function calls:
		Nothing
 This function is called by:
		_main
 This function uses a non-reentrant model


 *************** function _Timer1_Init *****************
 Defined at:
		line 147 in file "main.c"
 Parameters:    Size  Location     Type
		None
 Auto vars:     Size  Location     Type
		None
 Return value:  Size  Location     Type
		None               void
 Registers used:
		wreg, status,2
 Tracked objects:
		On entry : 
		On exit  : 
		Unchanged: 
 Data sizes:     COMRAM   BANK0   BANK1   BANK2   BANK3   BANK4   BANK5   BANK6   BANK7
      Params:         0       0       0       0       0       0       0       0       0
      Locals:         0       0       0       0       0       0       0       0       0
      Temps:          0       0       0       0       0       0       0       0       0
      Totals:         0       0       0       0       0       0       0       0       0
Total ram usage:        0 bytes
 Hardware stack levels used:    1
 This function calls:
		Nothing
 This function is called by:
		_main
 This function uses a non-reentrant model


 *************** function _Configuracion_Registros *****************
 Defined at:
		line 136 in file "main.c"
 Parameters:    Size  Location     Type
		None
 Auto vars:     Size  Location     Type
		None
 Return value:  Size  Location     Type
		None               void
 Registers used:
		wreg, status,2, status,0
 Tracked objects:
		On entry : 
		On exit  : 
		Unchanged: 
 Data sizes:     COMRAM   BANK0   BANK1   BANK2   BANK3   BANK4   BANK5   BANK6   BANK7
      Params:         0       0       0       0       0       0       0       0       0
      Locals:         0       0       0       0       0       0       0       0       0
      Temps:          0       0       0       0       0       0       0       0       0
      Totals:         0       0       0       0       0       0       0       0       0
Total ram usage:        0 bytes
 Hardware stack levels used:    1
 This function calls:
		Nothing
 This function is called by:
		_main
 This function uses a non-reentrant model


 *************** function _lcd_init *****************
 Defined at:
		line 95 in file "lcd.h"
 Parameters:    Size  Location     Type
		None
 Auto vars:     Size  Location     Type
		None
 Return value:  Size  Location     Type
		None               void
 Registers used:
		wreg, status,2, cstack
 Tracked objects:
		On entry : 
		On exit  : 
		Unchanged: 
 Data sizes:     COMRAM   BANK0   BANK1   BANK2   BANK3   BANK4   BANK5   BANK6   BANK7
      Params:         0       0       0       0       0       0       0       0       0
      Locals:         0       0       0       0       0       0       0       0       0
      Temps:          1       0       0       0       0       0       0       0       0
      Totals:         1       0       0       0       0       0       0       0       0
Total ram usage:        1 bytes
 Hardware stack levels used:    1
 Hardware stack levels required when called:    2
 This function calls:
		_Lcd_Port
		_Lcd_Cmd
 This function is called by:
		_main
 This function uses a non-reentrant model


 *************** function _Lcd_Cmd *****************
 Defined at:
		line 53 in file "lcd.h"
 Parameters:    Size  Location     Type
  a               1    1[COMRAM] unsigned char 
 Auto vars:     Size  Location     Type
		None
 Return value:  Size  Location     Type
		None               void
 Registers used:
		wreg, cstack
 Tracked objects:
		On entry : 
		On exit  : 
		Unchanged: 
 Data sizes:     COMRAM   BANK0   BANK1   BANK2   BANK3   BANK4   BANK5   BANK6   BANK7
      Params:         1       0       0       0       0       0       0       0       0
      Locals:         0       0       0       0       0       0       0       0       0
      Temps:          1       0       0       0       0       0       0       0       0
      Totals:         2       0       0       0       0       0       0       0       0
Total ram usage:        2 bytes
 Hardware stack levels used:    1
 Hardware stack levels required when called:    1
 This function calls:
		_Lcd_Port
 This function is called by:
		_lcd_gotoxy
		_lcd_init
		_lcd_clear
		_lcd_shift_right
		_lcd_shift_left
 This function uses a non-reentrant model


 *************** function _Lcd_Port *****************
 Defined at:
		line 28 in file "lcd.h"
 Parameters:    Size  Location     Type
  a               1    0[COMRAM] unsigned char 
 Auto vars:     Size  Location     Type
		None
 Return value:  Size  Location     Type
		None               void
 Registers used:
		None
 Tracked objects:
		On entry : 
		On exit  : 
		Unchanged: 
 Data sizes:     COMRAM   BANK0   BANK1   BANK2   BANK3   BANK4   BANK5   BANK6   BANK7
      Params:         1       0       0       0       0       0       0       0       0
      Locals:         0       0       0       0       0       0       0       0       0
      Temps:          0       0       0       0       0       0       0       0       0
      Totals:         1       0       0       0       0       0       0       0       0
Total ram usage:        1 bytes
 Hardware stack levels used:    1
 This function calls:
		Nothing
 This function is called by:
		_Lcd_Cmd
		_lcd_init
		_lcd_write_char
 This function uses a non-reentrant model


 *************** function ___fttol *****************
 Defined at:
		line 45 in file "C:\Program Files (x86)\Microchip\xc8\v1.20\sources\common\fttol.c"
 Parameters:    Size  Location     Type
  f1              3   22[COMRAM] float 
 Auto vars:     Size  Location     Type
  lval            4   32[COMRAM] unsigned long 
  exp1            1   36[COMRAM] unsigned char 
  sign1           1   31[COMRAM] unsigned char 
 Return value:  Size  Location     Type
                  4   22[COMRAM] long 
 Registers used:
		wreg, status,2, status,0
 Tracked objects:
		On entry : 
		On exit  : 
		Unchanged: 
 Data sizes:     COMRAM   BANK0   BANK1   BANK2   BANK3   BANK4   BANK5   BANK6   BANK7
      Params:         4       0       0       0       0       0       0       0       0
      Locals:         6       0       0       0       0       0       0       0       0
      Temps:          5       0       0       0       0       0       0       0       0
      Totals:        15       0       0       0       0       0       0       0       0
Total ram usage:       15 bytes
 Hardware stack levels used:    1
 This function calls:
		Nothing
 This function is called by:
		_USART_Init
		_sprintf
 This function uses a non-reentrant model



MODULE INFORMATION

Module		Function		Class		Link	Load	Size
C:\Program Files (x86)\Microchip\xc8\v1.20\sources\common\float.c
		___ftpack      		CODE           	2102	0000	184

C:\Program Files (x86)\Microchip\xc8\v1.20\sources\common\float.c estimated size: 184

lcd.h
		_lcd_write_char		CODE           	28D4	0000	58
		_lcd_putc      		CODE           	2948	0000	54
		_Lcd_Cmd       		CODE           	2A58	0000	32
		_lcd_gotoxy    		CODE           	26EA	0000	86
		_Lcd_Port      		CODE           	29E4	0000	42
		_lcd_init      		CODE           	21BA	0000	184

lcd.h estimated size: 456

C:\Program Files (x86)\Microchip\xc8\v1.20\sources\common\isdigit.c
		_isdigit       		CODE           	2A34	0000	36

C:\Program Files (x86)\Microchip\xc8\v1.20\sources\common\isdigit.c estimated size: 36

C:\Program Files (x86)\Microchip\xc8\v1.20\sources\common\ftge.c
		___ftge        		CODE           	2272	0000	144

C:\Program Files (x86)\Microchip\xc8\v1.20\sources\common\ftge.c estimated size: 144

C:\Program Files (x86)\Microchip\xc8\v1.20\sources\common\wmul.c
		___wmul        		CODE           	290E	0000	58

C:\Program Files (x86)\Microchip\xc8\v1.20\sources\common\wmul.c estimated size: 58

C:\Program Files (x86)\Microchip\xc8\v1.20\sources\common\doprnt.c
		_scale         		CODE           	11D2	0000	1104
		_sprintf       		CODE           	088C	0000	2374
		_fround        		CODE           	1622	0000	640

C:\Program Files (x86)\Microchip\xc8\v1.20\sources\common\doprnt.c estimated size: 4118

C:\Program Files (x86)\Microchip\xc8\v1.20\sources\common\llmod.c
		___llmod       		CODE           	261C	0000	106

C:\Program Files (x86)\Microchip\xc8\v1.20\sources\common\llmod.c estimated size: 106

shared
		__stringdata   		SMALLCONST     	0876	0000	20
		__powers_      		SMALLCONST     	084F	0000	39
		_dpowers       		SMALLCONST     	0800	0000	40
		__npowers_     		SMALLCONST     	0828	0000	39
		__initializatio		CODE           	2A78	0000	12

shared estimated size: 150

C:\Program Files (x86)\Microchip\xc8\v1.20\sources\common\altoft.c
		___altoft      		CODE           	249E	0000	132

C:\Program Files (x86)\Microchip\xc8\v1.20\sources\common\altoft.c estimated size: 132

C:\Program Files (x86)\Microchip\xc8\v1.20\sources\common\fldivl.c
		__div_to_l_    		CODE           	1D9E	0000	244

C:\Program Files (x86)\Microchip\xc8\v1.20\sources\common\fldivl.c estimated size: 244

C:\Program Files (x86)\Microchip\xc8\v1.20\sources\common\ftdiv.c
		___ftdiv       		CODE           	1CA0	0000	254

C:\Program Files (x86)\Microchip\xc8\v1.20\sources\common\ftdiv.c estimated size: 254

C:\Program Files (x86)\Microchip\xc8\v1.20\sources\common\lldiv.c
		___lldiv       		CODE           	2392	0000	134

C:\Program Files (x86)\Microchip\xc8\v1.20\sources\common\lldiv.c estimated size: 134

C:\Program Files (x86)\Microchip\xc8\v1.20\sources\common\ftsub.c
		___ftsub       		CODE           	297E	0000	54

C:\Program Files (x86)\Microchip\xc8\v1.20\sources\common\ftsub.c estimated size: 54

C:\Program Files (x86)\Microchip\xc8\v1.20\sources\common\ftdivl.c
		__tdiv_to_l_   		CODE           	1A6E	0000	290

C:\Program Files (x86)\Microchip\xc8\v1.20\sources\common\ftdivl.c estimated size: 290

C:\Program Files (x86)\Microchip\xc8\v1.20\sources\common\ftneg.c
		___ftneg       		CODE           	2A0E	0000	38

C:\Program Files (x86)\Microchip\xc8\v1.20\sources\common\ftneg.c estimated size: 38

C:\Program Files (x86)\Microchip\xc8\v1.20\sources\common\awtoft.c
		___awtoft      		CODE           	27DC	0000	68

C:\Program Files (x86)\Microchip\xc8\v1.20\sources\common\awtoft.c estimated size: 68

C:\Program Files (x86)\Microchip\xc8\v1.20\sources\pic18\asftsub.c
		___asftsub     		CODE           	2820	0000	60

C:\Program Files (x86)\Microchip\xc8\v1.20\sources\pic18\asftsub.c estimated size: 60

main.c
		_Read_LDR      		CODE           	2048	0000	186
		_Init_AD       		CODE           	2A8E	0000	20
		_states_LED    		CODE           	29B4	0000	48
		_main          		CODE           	1F72	0000	214
		_USART_ReceiveC		CODE           	2AB6	0000	18
		_Timer1_Init   		CODE           	2AA2	0000	20
		_Configuracion_		CODE           	2AC8	0000	18
		_Obtener_Distan		CODE           	2522	0000	126
		_USART_Init    		CODE           	2418	0000	134

main.c estimated size: 784

C:\Program Files (x86)\Microchip\xc8\v1.20\sources\common\ftmul.c
		___ftmul       		CODE           	1B90	0000	272

C:\Program Files (x86)\Microchip\xc8\v1.20\sources\common\ftmul.c estimated size: 272

C:\Program Files (x86)\Microchip\xc8\v1.20\sources\common\lltoft.c
		___lltoft      		CODE           	2686	0000	100

C:\Program Files (x86)\Microchip\xc8\v1.20\sources\common\lltoft.c estimated size: 100

C:\Program Files (x86)\Microchip\xc8\v1.20\sources\common\fttol.c
		___fttol       		CODE           	1E92	0000	224

C:\Program Files (x86)\Microchip\xc8\v1.20\sources\common\fttol.c estimated size: 224

C:\Program Files (x86)\Microchip\xc8\v1.20\sources\pic18\asftmul.c
		___asftmul     		CODE           	285C	0000	60

C:\Program Files (x86)\Microchip\xc8\v1.20\sources\pic18\asftmul.c estimated size: 60

C:\Program Files (x86)\Microchip\xc8\v1.20\sources\common\awmod.c
		___awmod       		CODE           	25A0	0000	124

C:\Program Files (x86)\Microchip\xc8\v1.20\sources\common\awmod.c estimated size: 124

C:\Program Files (x86)\Microchip\xc8\v1.20\sources\common\lwmod.c
		___lwmod       		CODE           	2796	0000	70

C:\Program Files (x86)\Microchip\xc8\v1.20\sources\common\lwmod.c estimated size: 70

C:\Program Files (x86)\Microchip\xc8\v1.20\sources\common\awdiv.c
		___awdiv       		CODE           	2302	0000	144

C:\Program Files (x86)\Microchip\xc8\v1.20\sources\common\awdiv.c estimated size: 144

C:\Program Files (x86)\Microchip\xc8\v1.20\sources\common\ftadd.c
		___ftadd       		CODE           	18A2	0000	460

C:\Program Files (x86)\Microchip\xc8\v1.20\sources\common\ftadd.c estimated size: 460

C:\Program Files (x86)\Microchip\xc8\v1.20\sources\pic18\asftadd.c
		___asftadd     		CODE           	2898	0000	60

C:\Program Files (x86)\Microchip\xc8\v1.20\sources\pic18\asftadd.c estimated size: 60

C:\Program Files (x86)\Microchip\xc8\v1.20\sources\common\lwdiv.c
		___lwdiv       		CODE           	2740	0000	86

C:\Program Files (x86)\Microchip\xc8\v1.20\sources\common\lwdiv.c estimated size: 86

